Archive member included because of file (symbol)

libbb/lib.a(appletlib.o)      /opt/eldk-5.2.1/armv5te/sysroots/armv5te-linux-gnueabi/usr/lib/crt1.o (main)
libbb/lib.a(concat_path_file.o)
                              libbb/lib.a(appletlib.o) (concat_path_file)
libbb/lib.a(default_error_retval.o)
                              libbb/lib.a(appletlib.o) (xfunc_error_retval)
libbb/lib.a(get_last_path_component.o)
                              libbb/lib.a(appletlib.o) (bb_basename)
libbb/lib.a(last_char_is.o)   libbb/lib.a(concat_path_file.o) (last_char_is)
libbb/lib.a(messages.o)       libbb/lib.a(appletlib.o) (bb_busybox_exec_path)
libbb/lib.a(perror_msg.o)     libbb/lib.a(appletlib.o) (bb_simple_perror_msg)
libbb/lib.a(ptr_to_globals.o)
                              libbb/lib.a(appletlib.o) (bb_errno)
libbb/lib.a(verror_msg.o)     libbb/lib.a(perror_msg.o) (bb_verror_msg)
libbb/lib.a(xfunc_die.o)      libbb/lib.a(appletlib.o) (xfunc_die)
libbb/lib.a(xfuncs.o)         libbb/lib.a(appletlib.o) (full_write2_str)
libbb/lib.a(xfuncs_printf.o)  libbb/lib.a(appletlib.o) (malloc_or_warn)
libbb/lib.a(xreadlink.o)      libbb/lib.a(appletlib.o) (xmalloc_readlink)
libbb/lib.a(copyfd.o)         libbb/lib.a(xfuncs_printf.o) (bb_copyfd_eof)
libbb/lib.a(full_write.o)     libbb/lib.a(verror_msg.o) (full_write)
libbb/lib.a(read.o)           libbb/lib.a(copyfd.o) (safe_read)
libbb/lib.a(safe_write.o)     libbb/lib.a(full_write.o) (safe_write)
libbb/lib.a(time.o)           libbb/lib.a(xfuncs_printf.o) (monotonic_us)
libbb/lib.a(bb_strtonum.o)    libbb/lib.a(time.o) (bb_strtol)
miscutils/lib.a(adjtimex.o)   libbb/lib.a(appletlib.o) (adjtimex_main)
miscutils/lib.a(beep.o)       libbb/lib.a(appletlib.o) (beep_main)
miscutils/lib.a(devmem.o)     libbb/lib.a(appletlib.o) (devmem_main)
miscutils/lib.a(less.o)       libbb/lib.a(appletlib.o) (less_main)
miscutils/lib.a(nandwrite.o)  libbb/lib.a(appletlib.o) (nandwrite_main)
miscutils/lib.a(setserial.o)  libbb/lib.a(appletlib.o) (setserial_main)
miscutils/lib.a(strings.o)    libbb/lib.a(appletlib.o) (strings_main)
miscutils/lib.a(time.o)       libbb/lib.a(appletlib.o) (time_main)
miscutils/lib.a(timeout.o)    libbb/lib.a(appletlib.o) (timeout_main)
miscutils/lib.a(ubi_tools.o)  libbb/lib.a(appletlib.o) (ubi_tools_main)
miscutils/lib.a(watchdog.o)   libbb/lib.a(appletlib.o) (watchdog_main)
modutils/lib.a(modinfo.o)     libbb/lib.a(appletlib.o) (modinfo_main)
modutils/lib.a(modprobe-small.o)
                              libbb/lib.a(appletlib.o) (modprobe_main)
modutils/lib.a(modutils.o)    modutils/lib.a(modinfo.o) (filename2modname)
networking/lib.a(dnsd.o)      libbb/lib.a(appletlib.o) (dnsd_main)
networking/lib.a(httpd.o)     libbb/lib.a(appletlib.o) (httpd_main)
networking/lib.a(ifconfig.o)  libbb/lib.a(appletlib.o) (ifconfig_main)
networking/lib.a(ifenslave.o)
                              libbb/lib.a(appletlib.o) (ifenslave_main)
networking/lib.a(ifplugd.o)   libbb/lib.a(appletlib.o) (ifplugd_main)
networking/lib.a(ifupdown.o)  libbb/lib.a(appletlib.o) (ifupdown_main)
networking/lib.a(inetd.o)     libbb/lib.a(appletlib.o) (inetd_main)
networking/lib.a(interface.o)
                              networking/lib.a(ifconfig.o) (display_interfaces)
networking/lib.a(ip.o)        libbb/lib.a(appletlib.o) (ipaddr_main)
networking/lib.a(nc.o)        libbb/lib.a(appletlib.o) (nc_main)
networking/lib.a(netstat.o)   libbb/lib.a(appletlib.o) (netstat_main)
networking/lib.a(nslookup.o)  libbb/lib.a(appletlib.o) (nslookup_main)
networking/lib.a(ping.o)      libbb/lib.a(appletlib.o) (ping_main)
networking/lib.a(route.o)     networking/lib.a(netstat.o) (bb_displayroutes)
networking/lib.a(telnet.o)    libbb/lib.a(appletlib.o) (telnet_main)
networking/lib.a(wget.o)      libbb/lib.a(appletlib.o) (wget_main)
networking/lib.a(whois.o)     libbb/lib.a(appletlib.o) (whois_main)
networking/libiproute/lib.a(ip_parse_common_args.o)
                              networking/lib.a(ip.o) (ip_parse_common_args)
networking/libiproute/lib.a(ipaddress.o)
                              networking/lib.a(ip.o) (do_ipaddr)
networking/libiproute/lib.a(iplink.o)
                              networking/lib.a(ip.o) (do_iplink)
networking/libiproute/lib.a(iproute.o)
                              networking/lib.a(ip.o) (do_iproute)
networking/libiproute/lib.a(iprule.o)
                              networking/lib.a(ip.o) (do_iprule)
networking/libiproute/lib.a(iptunnel.o)
                              networking/lib.a(ip.o) (do_iptunnel)
networking/libiproute/lib.a(libnetlink.o)
                              networking/libiproute/lib.a(ipaddress.o) (xrtnl_open)
networking/libiproute/lib.a(ll_addr.o)
                              networking/libiproute/lib.a(ipaddress.o) (ll_addr_n2a)
networking/libiproute/lib.a(ll_map.o)
                              networking/libiproute/lib.a(ipaddress.o) (ll_remember_index)
networking/libiproute/lib.a(ll_types.o)
[...]
Memory Configuration

Name             Origin             Length             Attributes
*default*        0x00000000         0xffffffff

Linker script and memory map

LOAD /opt/eldk-5.2.1/armv5te/sysroots/armv5te-linux-gnueabi/usr/lib/crt1.o
LOAD /opt/eldk-5.2.1/armv5te/sysroots/armv5te-linux-gnueabi/usr/lib/crti.o
LOAD /opt/eldk-5.2.1/armv5te/sysroots/armv5te-linux-gnueabi/usr/lib/arm-linux-gnueabi/4.6.4/crtbegin.o
START GROUP
LOAD applets/built-in.o
LOAD archival/lib.a
LOAD archival/libarchive/lib.a
LOAD console-tools/lib.a
LOAD coreutils/lib.a
LOAD coreutils/libcoreutils/lib.a
LOAD debianutils/lib.a
LOAD e2fsprogs/lib.a
LOAD editors/lib.a
LOAD findutils/lib.a
LOAD init/lib.a
LOAD libbb/lib.a
LOAD libpwdgrp/lib.a
LOAD loginutils/lib.a
LOAD mailutils/lib.a
LOAD miscutils/lib.a
LOAD modutils/lib.a
LOAD networking/lib.a
LOAD networking/libiproute/lib.a
LOAD networking/udhcp/lib.a
LOAD printutils/lib.a
LOAD procps/lib.a
LOAD runit/lib.a
LOAD selinux/lib.a
LOAD shell/lib.a
LOAD sysklogd/lib.a
LOAD util-linux/lib.a
LOAD util-linux/volume_id/lib.a
LOAD archival/built-in.o
LOAD archival/libarchive/built-in.o
LOAD console-tools/built-in.o
LOAD coreutils/built-in.o
LOAD coreutils/libcoreutils/built-in.o
LOAD debianutils/built-in.o
LOAD e2fsprogs/built-in.o
LOAD editors/built-in.o
LOAD findutils/built-in.o
LOAD init/built-in.o
LOAD libbb/built-in.o
LOAD libpwdgrp/built-in.o
LOAD loginutils/built-in.o
LOAD mailutils/built-in.o
LOAD miscutils/built-in.o
LOAD modutils/built-in.o
LOAD networking/built-in.o
LOAD networking/libiproute/built-in.o
LOAD networking/udhcp/built-in.o
LOAD printutils/built-in.o
LOAD procps/built-in.o
LOAD runit/built-in.o
LOAD selinux/built-in.o
LOAD shell/built-in.o
LOAD sysklogd/built-in.o
LOAD util-linux/built-in.o
LOAD util-linux/volume_id/built-in.o
END GROUP
START GROUP
LOAD /opt/eldk-5.2.1/armv5te/sysroots/armv5te-linux-gnueabi/usr/lib/libcrypt.so
END GROUP
LOAD /opt/eldk-5.2.1/armv5te/sysroots/armv5te-linux-gnueabi/usr/lib/arm-linux-gnueabi/4.6.4/libgcc.a
LOAD /opt/eldk-5.2.1/armv5te/sysroots/armv5te-linux-gnueabi/usr/lib/arm-linux-gnueabi/4.6.4/libgcc_eh.a
LOAD /opt/eldk-5.2.1/armv5te/sysroots/armv5te-linux-gnueabi/usr/lib/libc.so
START GROUP
LOAD /opt/eldk-5.2.1/armv5te/sysroots/armv5te-linux-gnueabi/lib/libc.so.6
LOAD /opt/eldk-5.2.1/armv5te/sysroots/armv5te-linux-gnueabi/usr/lib/libc_nonshared.a
LOAD /opt/eldk-5.2.1/armv5te/sysroots/armv5te-linux-gnueabi/lib/ld-linux.so.3
END GROUP
LOAD /opt/eldk-5.2.1/armv5te/sysroots/armv5te-linux-gnueabi/usr/lib/arm-linux-gnueabi/4.6.4/libgcc.a
LOAD /opt/eldk-5.2.1/armv5te/sysroots/armv5te-linux-gnueabi/usr/lib/arm-linux-gnueabi/4.6.4/libgcc_eh.a
LOAD /opt/eldk-5.2.1/armv5te/sysroots/armv5te-linux-gnueabi/usr/lib/arm-linux-gnueabi/4.6.4/crtend.o
LOAD /opt/eldk-5.2.1/armv5te/sysroots/armv5te-linux-gnueabi/usr/lib/crtn.o
                0x00008000                PROVIDE (__executable_start, 0x8000)
                0x00008134                . = (0x8000 + SIZEOF_HEADERS)

.interp         0x00008134       0x13
 *(SORT(.interp))
 .interp        0x00008134       0x13 /opt/eldk-5.2.1/armv5te/sysroots/armv5te-linux-gnueabi/usr/lib/crt1.o

.note.ABI-tag   0x00008148       0x20
 .note.ABI-tag  0x00008148       0x20 /opt/eldk-5.2.1/armv5te/sysroots/armv5te-linux-gnueabi/usr/lib/crt1.o

.note.gnu.build-id
 *(SORT(.note.gnu.build-id))

.hash
 *(SORT(.hash))

.gnu.hash       0x00008168      0x988
 *(SORT(.gnu.hash))
 .gnu.hash      0x00008168      0x988 /opt/eldk-5.2.1/armv5te/sysroots/armv5te-linux-gnueabi/usr/lib/crt1.o

.dynsym         0x00008af0     0x1210
 *(SORT(.dynsym))
 .dynsym        0x00008af0     0x1210 /opt/eldk-5.2.1/armv5te/sysroots/armv5te-linux-gnueabi/usr/lib/crt1.o

.dynstr         0x00009d00      0x976
 *(SORT(.dynstr))
 .dynstr        0x00009d00      0x976 /opt/eldk-5.2.1/armv5te/sysroots/armv5te-linux-gnueabi/usr/lib/crt1.o

.gnu.version    0x0000a676      0x242
 *(SORT(.gnu.version))
 .gnu.version   0x0000a676      0x242 /opt/eldk-5.2.1/armv5te/sysroots/armv5te-linux-gnueabi/usr/lib/crt1.o

.gnu.version_d  0x0000a8b8        0x0
 *(SORT(.gnu.version_d))
 .gnu.version_d
                0x00000000        0x0 /opt/eldk-5.2.1/armv5te/sysroots/armv5te-linux-gnueabi/usr/lib/crt1.o

.gnu.version_r  0x0000a8b8       0x40
 *(SORT(.gnu.version_r))
 .gnu.version_r
                0x0000a8b8       0x40 /opt/eldk-5.2.1/armv5te/sysroots/armv5te-linux-gnueabi/usr/lib/crt1.o

.rel.dyn        0x0000a8f8       0x48
 *(SORT(.rel.init))
 *(SORT(.rel.text) SORT(.rel.text.*) SORT(.rel.gnu.linkonce.t.*))
 *(SORT(.rel.fini))
 *(SORT(.rel.rodata) SORT(.rel.rodata.*) SORT(.rel.gnu.linkonce.r.*))
 *(SORT(.rel.data.rel.ro*) SORT(.rel.gnu.linkonce.d.rel.ro.*))
 *(SORT(.rel.data) SORT(.rel.data.*) SORT(.rel.gnu.linkonce.d.*))
 *(SORT(.rel.tdata) SORT(.rel.tdata.*) SORT(.rel.gnu.linkonce.td.*))
 *(SORT(.rel.tbss) SORT(.rel.tbss.*) SORT(.rel.gnu.linkonce.tb.*))
 *(SORT(.rel.ctors))
 *(SORT(.rel.dtors))
 *(SORT(.rel.got))
 .rel.got       0x0000a8f8       0x18 /opt/eldk-5.2.1/armv5te/sysroots/armv5te-linux-gnueabi/usr/lib/crt1.o
 *(SORT(.rel.bss) SORT(.rel.bss.*) SORT(.rel.gnu.linkonce.b.*))
 .rel.bss       0x0000a910       0x30 /opt/eldk-5.2.1/armv5te/sysroots/armv5te-linux-gnueabi/usr/lib/crt1.o
                0x0000a940                PROVIDE (__rel_iplt_start, .)
 *(SORT(.rel.iplt))
 .rel.iplt      0x00000000        0x0 /opt/eldk-5.2.1/armv5te/sysroots/armv5te-linux-gnueabi/usr/lib/crt1.o
                0x0000a940                PROVIDE (__rel_iplt_end, .)
                0x0000a940                PROVIDE (__rela_iplt_start, .)
                0x0000a940                PROVIDE (__rela_iplt_end, .)

.rela.dyn       0x0000a940        0x0
 *(SORT(.rela.init))
 *(SORT(.rela.text) SORT(.rela.text.*) SORT(.rela.gnu.linkonce.t.*))
 *(SORT(.rela.fini))
 *(SORT(.rela.rodata) SORT(.rela.rodata.*) SORT(.rela.gnu.linkonce.r.*))
 *(SORT(.rela.data) SORT(.rela.data.*) SORT(.rela.gnu.linkonce.d.*))
 *(SORT(.rela.tdata) SORT(.rela.tdata.*) SORT(.rela.gnu.linkonce.td.*))
 *(SORT(.rela.tbss) SORT(.rela.tbss.*) SORT(.rela.gnu.linkonce.tb.*))
 *(SORT(.rela.ctors))
 *(SORT(.rela.dtors))
 *(SORT(.rela.got))
 *(SORT(.rela.bss) SORT(.rela.bss.*) SORT(.rela.gnu.linkonce.b.*))
                0x0000a940                PROVIDE (__rel_iplt_start, .)
                0x0000a940                PROVIDE (__rel_iplt_end, .)
                0x0000a940                PROVIDE (__rela_iplt_start, .)
 *(SORT(.rela.iplt))
                0x0000a940                PROVIDE (__rela_iplt_end, .)

.rel.plt        0x0000a940      0x890
 *(SORT(.rel.plt))
 .rel.plt       0x0000a940      0x890 /opt/eldk-5.2.1/armv5te/sysroots/armv5te-linux-gnueabi/usr/lib/crt1.o

.rela.plt
 *(SORT(.rela.plt))

.init           0x0000b1d0        0xc
 *(SORT(.init))
 .init          0x0000b1d0        0x8 /opt/eldk-5.2.1/armv5te/sysroots/armv5te-linux-gnueabi/usr/lib/crti.o
                0x0000b1d0                _init
 .init          0x0000b1d8        0x4 /opt/eldk-5.2.1/armv5te/sysroots/armv5te-linux-gnueabi/usr/lib/crtn.o

.plt            0x0000b1dc      0xcec
 *(SORT(.plt))
 .plt           0x0000b1dc      0xcec /opt/eldk-5.2.1/armv5te/sysroots/armv5te-linux-gnueabi/usr/lib/crt1.o
                0x0000b1f0                fdopen@@GLIBC_2.4
                0x0000b1fc                endgrent@@GLIBC_2.4
                0x0000b208                fputs_unlocked@@GLIBC_2.4
                0x0000b214                strstr@@GLIBC_2.4
                0x0000b220                gnu_dev_major@@GLIBC_2.4
                0x0000b22c                raise@@GLIBC_2.4
                0x0000b238                cfmakeraw@@GLIBC_2.4
                0x0000b244                vasprintf@@GLIBC_2.4
                0x0000b250                sendfile64@@GLIBC_2.4
                0x0000b25c                bindresvport@@GLIBC_2.4
                0x0000b268                strverscmp@@GLIBC_2.4
                0x0000b274                inet_aton@@GLIBC_2.4
                0x0000b280                getpwnam@@GLIBC_2.4
                0x0000b28c                fsync@@GLIBC_2.4
                0x0000b298                setbuf@@GLIBC_2.4
                0x0000b2a4                __res_init@@GLIBC_2.4
                0x0000b2b0                strcasestr@@GLIBC_2.4
                0x0000b2bc                strcmp@@GLIBC_2.4
                0x0000b2c8                updwtmp@@GLIBC_2.4
                0x0000b2d4                strtol@@GLIBC_2.4
                0x0000b2e0                getpwuid@@GLIBC_2.4
                0x0000b2ec                setsockopt@@GLIBC_2.4
                0x0000b2f8                strcspn@@GLIBC_2.4
                0x0000b304                times@@GLIBC_2.4
                0x0000b310                gnu_dev_makedev@@GLIBC_2.4
                0x0000b31c                dprintf@@GLIBC_2.4
                0x0000b328                clearenv@@GLIBC_2.4
                0x0000b334                printf@@GLIBC_2.4
                0x0000b340                gnu_dev_minor@@GLIBC_2.4
                0x0000b34c                regerror@@GLIBC_2.4
                0x0000b358                setrlimit64@@GLIBC_2.4
                0x0000b364                read@@GLIBC_2.4
                0x0000b370                mktime@@GLIBC_2.4
                0x0000b37c                longjmp@@GLIBC_2.4
                0x0000b388                fflush@@GLIBC_2.4
                0x0000b394                getuid@@GLIBC_2.4
                0x0000b3a0                sigprocmask@@GLIBC_2.4
                0x0000b3ac                _setjmp@@GLIBC_2.4
                0x0000b3b8                memmove@@GLIBC_2.4
                0x0000b3c4                strchrnul@@GLIBC_2.4
                0x0000b3d0                free@@GLIBC_2.4
                0x0000b3dc                pmap_set@@GLIBC_2.4
                0x0000b3e8                nanosleep@@GLIBC_2.4
                0x0000b3f4                umount@@GLIBC_2.4
                0x0000b400                ferror@@GLIBC_2.4
                0x0000b40c                inet_pton@@GLIBC_2.4
                0x0000b418                _exit@@GLIBC_2.4
                0x0000b424                __res_state@@GLIBC_2.4
                0x0000b430                memcpy@@GLIBC_2.4
                0x0000b43c                execvp@@GLIBC_2.4
                0x0000b448                execlp@@GLIBC_2.4
                0x0000b454                mmap64@@GLIBC_2.4
                0x0000b460                signal@@GLIBC_2.4
                0x0000b46c                time@@GLIBC_2.4
                0x0000b478                rmdir@@GLIBC_2.4
                0x0000b484                tcsetpgrp@@GLIBC_2.4
                0x0000b490                sendmsg@@GLIBC_2.4
                0x0000b49c                ftruncate64@@GLIBC_2.4
                0x0000b4a8                memcmp@@GLIBC_2.4
                0x0000b4b4                inet_ntoa@@GLIBC_2.4
                0x0000b4c0                select@@GLIBC_2.4
                0x0000b4cc                swapon@@GLIBC_2.4
                0x0000b4d8                sleep@@GLIBC_2.4
                0x0000b4e4                stpcpy@@GLIBC_2.4
                0x0000b4f0                getc_unlocked@@GLIBC_2.4
                0x0000b4fc                uname@@GLIBC_2.4
                0x0000b508                ctime@@GLIBC_2.4
                0x0000b514                gethostbyaddr@@GLIBC_2.4
                0x0000b520                recvfrom@@GLIBC_2.4
                0x0000b52c                strdup@@GLIBC_2.4
                0x0000b538                cfgetispeed@@GLIBC_2.4
                0x0000b544                alarm@@GLIBC_2.4
                0x0000b550                getrpcbyname@@GLIBC_2.4
                0x0000b55c                sysconf@@GLIBC_2.4
                0x0000b568                unlink@@GLIBC_2.4
                0x0000b574                dup2@@GLIBC_2.4
                0x0000b580                reboot@@GLIBC_2.4
                0x0000b58c                getrlimit64@@GLIBC_2.4
                0x0000b598                realloc@@GLIBC_2.4
                0x0000b5a4                killpg@@GLIBC_2.4
                0x0000b5b0                dup@@GLIBC_2.4
                0x0000b5bc                getpriority@@GLIBC_2.4
                0x0000b5c8                initgroups@@GLIBC_2.4
                0x0000b5d4                regexec@@GLIBC_2.4
                0x0000b5e0                localtime_r@@GLIBC_2.4
                0x0000b5ec                wait@@GLIBC_2.4
                0x0000b5f8                chdir@@GLIBC_2.4
                0x0000b604                strcasecmp@@GLIBC_2.4
                0x0000b610                getpgrp@@GLIBC_2.4
                0x0000b61c                geteuid@@GLIBC_2.4
                0x0000b628                strsignal@@GLIBC_2.4
                0x0000b634                poll@@GLIBC_2.4
                0x0000b640                accept@@GLIBC_2.4
                0x0000b64c                setgroups@@GLIBC_2.4
                0x0000b658                cfsetospeed@@GLIBC_2.4
                0x0000b664                __fxstat64@@GLIBC_2.4
                0x0000b670                readlink@@GLIBC_2.4
                0x0000b67c                getegid@@GLIBC_2.4
                0x0000b688                sigaction@@GLIBC_2.4
                0x0000b694                fwrite@@GLIBC_2.4
                0x0000b6a0                strcat@@GLIBC_2.4
                0x0000b6ac                ioctl@@GLIBC_2.4
                0x0000b6b8                lseek64@@GLIBC_2.4
                0x0000b6c4                regfree@@GLIBC_2.4
                0x0000b6d0                strtoll@@GLIBC_2.4
                0x0000b6dc                usleep@@GLIBC_2.4
                0x0000b6e8                waitpid@@GLIBC_2.4
                0x0000b6f4                hasmntopt@@GLIBC_2.4
                0x0000b700                tcsetattr@@GLIBC_2.4
                0x0000b70c                strcpy@@GLIBC_2.4
                0x0000b718                chroot@@GLIBC_2.4
                0x0000b724                gettimeofday@@GLIBC_2.4
                0x0000b730                fread@@GLIBC_2.4
                0x0000b73c                sched_yield@@GLIBC_2.4
                0x0000b748                strtok_r@@GLIBC_2.4
                0x0000b754                getmntent@@GLIBC_2.4
                0x0000b760                opendir@@GLIBC_2.4
                0x0000b76c                umount2@@GLIBC_2.4
                0x0000b778                fnmatch@@GLIBC_2.4
                0x0000b784                open64@@GLIBC_2.4
                0x0000b790                getenv@@GLIBC_2.4
                0x0000b79c                setpriority@@GLIBC_2.4
                0x0000b7a8                __gnu_Unwind_Find_exidx@@GLIBC_2.4
                0x0000b7b4                puts@@GLIBC_2.4
                0x0000b7c0                setgid@@GLIBC_2.4
                0x0000b7cc                sysinfo@@GLIBC_2.4
                0x0000b7d8                malloc@@GLIBC_2.4
                0x0000b7f0                sigaddset@@GLIBC_2.4
                0x0000b7fc                __libc_start_main@@GLIBC_2.4
                0x0000b808                strerror@@GLIBC_2.4
                0x0000b814                system@@GLIBC_2.4
                0x0000b820                strftime@@GLIBC_2.4
                0x0000b82c                adjtimex@@GLIBC_2.4
                0x0000b838                localtime@@GLIBC_2.4
                0x0000b844                dirname@@GLIBC_2.4
                0x0000b85c                rename@@GLIBC_2.4
                0x0000b868                getopt_long@@GLIBC_2.4
                0x0000b874                kill@@GLIBC_2.4
                0x0000b880                getcwd@@GLIBC_2.4
                0x0000b88c                getpid@@GLIBC_2.4
                0x0000b898                exit@@GLIBC_2.4
                0x0000b8a4                feof@@GLIBC_2.4
                0x0000b8bc                strtoul@@GLIBC_2.4
                0x0000b8c8                tcgetpgrp@@GLIBC_2.4
                0x0000b8d4                strlen@@GLIBC_2.4
                0x0000b8e0                getchar_unlocked@@GLIBC_2.4
                0x0000b8ec                setsid@@GLIBC_2.4
                0x0000b8f8                vprintf@@GLIBC_2.4
                0x0000b904                strchr@@GLIBC_2.4
                0x0000b910                srand@@GLIBC_2.4
                0x0000b91c                setenv@@GLIBC_2.4
                0x0000b928                ttyname_r@@GLIBC_2.4
                0x0000b934                execve@@GLIBC_2.4
                0x0000b940                getopt@@GLIBC_2.4
                0x0000b94c                fprintf@@GLIBC_2.4
                0x0000b958                getpagesize@@GLIBC_2.4
                0x0000b964                cfsetispeed@@GLIBC_2.4
                0x0000b970                chown@@GLIBC_2.4
                0x0000b97c                fcntl@@GLIBC_2.4
                0x0000b988                setlinebuf@@GLIBC_2.4
                0x0000b994                execv@@GLIBC_2.4
                0x0000b9a0                cfgetospeed@@GLIBC_2.4
                0x0000b9ac                sigfillset@@GLIBC_2.4
                0x0000b9b8                __errno_location@@GLIBC_2.4
                0x0000b9c4                getservbyname@@GLIBC_2.4
                0x0000b9d0                strncasecmp@@GLIBC_2.4
                0x0000b9dc                klogctl@@GLIBC_2.4
                0x0000b9e8                snprintf@@GLIBC_2.4
                0x0000b9f4                mkdir@@GLIBC_2.4
                0x0000ba00                bind@@GLIBC_2.4
                0x0000ba0c                getservbyport@@GLIBC_2.4
                0x0000ba18                getgid@@GLIBC_2.4
                0x0000ba24                getgrouplist@@GLIBC_2.4
                0x0000ba30                memset@@GLIBC_2.4
                0x0000ba3c                getmntent_r@@GLIBC_2.4
                0x0000ba48                bsearch@@GLIBC_2.4
                0x0000ba54                utimes@@GLIBC_2.4
                0x0000ba60                strncpy@@GLIBC_2.4
                0x0000ba6c                fscanf@@GLIBC_2.4
                0x0000ba78                mallopt@@GLIBC_2.4
                0x0000ba84                strtoull@@GLIBC_2.4
                0x0000ba90                gmtime@@GLIBC_2.4
                0x0000ba9c                wait3@@GLIBC_2.4
                0x0000baa8                strtod@@GLIBC_2.4
                0x0000bab4                link@@GLIBC_2.4
                0x0000bac0                write@@GLIBC_2.4
                0x0000bacc                fileno@@GLIBC_2.4
                0x0000bad8                ether_aton_r@@GLIBC_2.4
                0x0000bae4                vfork@@GLIBC_2.4
                0x0000baf0                memchr@@GLIBC_2.4
                0x0000bafc                access@@GLIBC_2.4
                0x0000bb08                rand@@GLIBC_2.4
                0x0000bb14                fclose@@GLIBC_2.4
                0x0000bb20                getsid@@GLIBC_2.4
                0x0000bb2c                strnlen@@GLIBC_2.4
                0x0000bb38                pipe@@GLIBC_2.4
                0x0000bb44                pmap_unset@@GLIBC_2.4
                0x0000bb50                endmntent@@GLIBC_2.4
                0x0000bb5c                strtok@@GLIBC_2.4
                0x0000bb68                sendto@@GLIBC_2.4
                0x0000bb74                shutdown@@GLIBC_2.4
                0x0000bb80                sigemptyset@@GLIBC_2.4
                0x0000bb8c                popen@@GLIBC_2.4
                0x0000bb98                fork@@GLIBC_2.4
                0x0000bba4                execle@@GLIBC_2.4
                0x0000bbb0                putenv@@GLIBC_2.4
                0x0000bbbc                getnameinfo@@GLIBC_2.4
                0x0000bbc8                strrchr@@GLIBC_2.4
                0x0000bbd4                listen@@GLIBC_2.4
                0x0000bbe0                vfprintf@@GLIBC_2.4
                0x0000bbec                delete_module@@GLIBC_2.4
                0x0000bbf8                crypt@@GLIBC_2.4
                0x0000bc04                statfs64@@GLIBC_2.4
                0x0000bc10                lchown@@GLIBC_2.4
                0x0000bc1c                syslog@@GLIBC_2.4
                0x0000bc28                symlink@@GLIBC_2.4
                0x0000bc34                setuid@@GLIBC_2.4
                0x0000bc40                sscanf@@GLIBC_2.4
                0x0000bc4c                setpgid@@GLIBC_2.4
                0x0000bc58                clearerr@@GLIBC_2.4
                0x0000bc64                sprintf@@GLIBC_2.4
                0x0000bc70                readdir64@@GLIBC_2.4
                0x0000bc7c                openlog@@GLIBC_2.4
                0x0000bc88                regcomp@@GLIBC_2.4
                0x0000bc94                getgroups@@GLIBC_2.4
                0x0000bca0                init_module@@GLIBC_2.4
                0x0000bcac                getsockname@@GLIBC_2.4
                0x0000bcb8                vsnprintf@@GLIBC_2.4
                0x0000bcc4                getppid@@GLIBC_2.4
                0x0000bcd0                atoi@@GLIBC_2.4
                0x0000bcdc                recvmsg@@GLIBC_2.4
                0x0000bce8                fopen64@@GLIBC_2.4
                0x0000bcf4                qsort@@GLIBC_2.4
                0x0000bd00                getpeername@@GLIBC_2.4
                0x0000bd0c                strpbrk@@GLIBC_2.4
                0x0000bd18                freeaddrinfo@@GLIBC_2.4
                0x0000bd24                getaddrinfo@@GLIBC_2.4
                0x0000bd30                inet_ntop@@GLIBC_2.4
                0x0000bd3c                fgets_unlocked@@GLIBC_2.4
                0x0000bd48                socket@@GLIBC_2.4
                0x0000bd54                setmntent@@GLIBC_2.4
                0x0000bd60                __cmsg_nxthdr@@GLIBC_2.4
                0x0000bd6c                sync@@GLIBC_2.4
                0x0000bd78                getline@@GLIBC_2.4
                0x0000bd84                if_nametoindex@@GLIBC_2.4
                0x0000bd90                umask@@GLIBC_2.4
                0x0000bd9c                swapoff@@GLIBC_2.4
                0x0000bda8                chmod@@GLIBC_2.4
                0x0000bdb4                gethostbyname@@GLIBC_2.4
                0x0000bdc0                __xstat64@@GLIBC_2.4
                0x0000bdcc                isatty@@GLIBC_2.4
                0x0000bdd8                __xmknod@@GLIBC_2.4
                0x0000bde4                unsetenv@@GLIBC_2.4
                0x0000bdf0                fputs@@GLIBC_2.4
                0x0000bdfc                strncmp@@GLIBC_2.4
                0x0000be08                abort@@GLIBC_2.4
                0x0000be14                recv@@GLIBC_2.4
                0x0000be20                realpath@@GLIBC_2.4
                0x0000be2c                close@@GLIBC_2.4
                0x0000be38                __lxstat64@@GLIBC_2.4
                0x0000be44                mkfifo@@GLIBC_2.4
                0x0000be50                connect@@GLIBC_2.4
                0x0000be5c                closedir@@GLIBC_2.4
                0x0000be68                getgrgid@@GLIBC_2.4
                0x0000be74                getgrnam@@GLIBC_2.4
                0x0000be80                putchar_unlocked@@GLIBC_2.4
                0x0000be8c                strspn@@GLIBC_2.4
                0x0000be98                tcgetattr@@GLIBC_2.4
                0x0000bea4                putc_unlocked@@GLIBC_2.4
                0x0000beb0                pclose@@GLIBC_2.4
                0x0000bebc                mount@@GLIBC_2.4

.iplt           0x0000bec8        0x0
 *(SORT(.iplt))
 .iplt          0x00000000        0x0 /opt/eldk-5.2.1/armv5te/sysroots/armv5te-linux-gnueabi/usr/lib/crt1.o

.text           0x0000bec8    0x51534
 *(SORT(.text.unlikely) SORT(.text.*_unlikely))
 *(SORT(.text.exit) SORT(.text.exit.*))
 *(SORT(.text.startup) SORT(.text.startup.*))
 *(SORT(.text.hot) SORT(.text.hot.*))
 *(SORT(.text) SORT(.stub) SORT(.text.*) SORT(.gnu.linkonce.t.*))
 .text          0x0000bec8       0x3c /opt/eldk-5.2.1/armv5te/sysroots/armv5te-linux-gnueabi/usr/lib/crt1.o
                0x0000bec8                _start
 .text          0x0000bf04       0x24 /opt/eldk-5.2.1/armv5te/sysroots/armv5te-linux-gnueabi/usr/lib/crti.o
 .text          0x0000bf28       0x4c /opt/eldk-5.2.1/armv5te/sysroots/armv5te-linux-gnueabi/usr/lib/arm-linux-gnueabi/4.6.4/crtbegin.o
 .text.applet_name_compare
                0x0000bf74       0x24 libbb/lib.a(appletlib.o)
 .text.find_applet_by_name
                0x0000bf98       0x38 libbb/lib.a(appletlib.o)
                0x0000bf98                find_applet_by_name
 .text.bb_show_usage
                0x0000bfd0       0xf4 libbb/lib.a(appletlib.o)
                0x0000bfd0                bb_show_usage
 .text.lbb_prepare
                0x0000c0c4       0x28 libbb/lib.a(appletlib.o)
                0x0000c0c4                lbb_prepare
 .text.run_applet_no_and_exit
                0x0000c0ec       0xb8 libbb/lib.a(appletlib.o)
                0x0000c0ec                run_applet_no_and_exit
 .text.run_applet_and_exit
                0x0000c1a4      0x378 libbb/lib.a(appletlib.o)
                0x0000c1a4                run_applet_and_exit
 .text.main     0x0000c51c       0x78 libbb/lib.a(appletlib.o)
                0x0000c51c                main
 .text.concat_path_file
                0x0000c594       0x64 libbb/lib.a(concat_path_file.o)
                0x0000c594                concat_path_file
 .text.bb_basename
                0x0000c5f8       0x20 libbb/lib.a(get_last_path_component.o)
                0x0000c5f8                bb_basename
 .text.bb_get_last_path_component_nostrip
                0x0000c618       0x38 libbb/lib.a(get_last_path_component.o)
                0x0000c618                bb_get_last_path_component_nostrip
 .text.bb_get_last_path_component_strip
                0x0000c650       0x54 libbb/lib.a(get_last_path_component.o)
                0x0000c650                bb_get_last_path_component_strip
 .text.last_char_is
                0x0000c6a4       0x3c libbb/lib.a(last_char_is.o)
                0x0000c6a4                last_char_is
 .text.bb_perror_msg
                0x0000c6e0       0x48 libbb/lib.a(perror_msg.o)
                0x0000c6e0                bb_perror_msg
 .text.bb_perror_msg_and_die
                0x0000c728       0x40 libbb/lib.a(perror_msg.o)
                0x0000c728                bb_perror_msg_and_die
 .text.bb_simple_perror_msg
                0x0000c768       0x10 libbb/lib.a(perror_msg.o)
                0x0000c768                bb_simple_perror_msg
 .text.bb_simple_perror_msg_and_die
                0x0000c778       0x14 libbb/lib.a(perror_msg.o)
                0x0000c778                bb_simple_perror_msg_and_die
 .text.bb_verror_msg
                0x0000c78c      0x1c0 libbb/lib.a(verror_msg.o)
                0x0000c78c                bb_verror_msg
 .text.bb_error_msg_and_die
                0x0000c94c       0x20 libbb/lib.a(verror_msg.o)
                0x0000c94c                bb_error_msg_and_die
 .text.bb_error_msg
                0x0000c96c       0x28 libbb/lib.a(verror_msg.o)
                0x0000c96c                bb_error_msg
 .text.xfunc_die
                0x0000c994       0x2c libbb/lib.a(xfunc_die.o)
                0x0000c994                xfunc_die
 .text.wh_helper
                0x0000c9c0       0x50 libbb/lib.a(xfuncs.o)
 .text.ndelay_on
                0x0000ca10       0x30 libbb/lib.a(xfuncs.o)
                0x0000ca10                ndelay_on
 .text.ndelay_off
                0x0000ca40       0x30 libbb/lib.a(xfuncs.o)
                0x0000ca40                ndelay_off
 .text.close_on_exec_on
                0x0000ca70        0xc libbb/lib.a(xfuncs.o)
                0x0000ca70                close_on_exec_on
 .text.strncpy_IFNAMSIZ
                0x0000ca7c        0x8 libbb/lib.a(xfuncs.o)
                0x0000ca7c                strncpy_IFNAMSIZ
 .text.utoa_to_buf
                0x0000ca84       0x94 libbb/lib.a(xfuncs.o)
                0x0000ca84                utoa_to_buf
 .text.itoa_to_buf
                0x0000cb18       0x28 libbb/lib.a(xfuncs.o)
                0x0000cb18                itoa_to_buf
 .text.utoa     0x0000cb40       0x28 libbb/lib.a(xfuncs.o)
                0x0000cb40                utoa
 .text.itoa     0x0000cb68       0x28 libbb/lib.a(xfuncs.o)
                0x0000cb68                itoa
 .text.bin2hex  0x0000cb90       0x50 libbb/lib.a(xfuncs.o)
                0x0000cb90                bin2hex
 .text.hex2bin  0x0000cbe0       0xec libbb/lib.a(xfuncs.o)
                0x0000cbe0                hex2bin
 .text.bb_putchar_stderr
                0x0000cccc       0x1c libbb/lib.a(xfuncs.o)
                0x0000cccc                bb_putchar_stderr
 .text.full_write1_str
                0x0000cce8       0x20 libbb/lib.a(xfuncs.o)
                0x0000cce8                full_write1_str
 .text.full_write2_str
                0x0000cd08       0x20 libbb/lib.a(xfuncs.o)
                0x0000cd08                full_write2_str
 .text.get_terminal_width_height
                0x0000cd28       0x9c libbb/lib.a(xfuncs.o)
                0x0000cd28                get_terminal_width_height
 .text.tcsetattr_stdin_TCSANOW
                0x0000cdc4       0x10 libbb/lib.a(xfuncs.o)
                0x0000cdc4                tcsetattr_stdin_TCSANOW
 .text.safe_waitpid
                0x0000cdd4       0x44 libbb/lib.a(xfuncs.o)
                0x0000cdd4                safe_waitpid
 .text.wait_any_nohang
                0x0000ce18       0x10 libbb/lib.a(xfuncs.o)
                0x0000ce18                wait_any_nohang
 .text.wait4pid
                0x0000ce28       0x50 libbb/lib.a(xfuncs.o)
                0x0000ce28                wait4pid
 .text.malloc_or_warn
                0x0000ce78       0x3c libbb/lib.a(xfuncs_printf.o)
                0x0000ce78                malloc_or_warn
 .text.xmalloc  0x0000ceb4       0x30 libbb/lib.a(xfuncs_printf.o)
                0x0000ceb4                xmalloc
 .text.xrealloc
                0x0000cee4       0x30 libbb/lib.a(xfuncs_printf.o)
                0x0000cee4                xrealloc
 .text.xzalloc  0x0000cf14       0x24 libbb/lib.a(xfuncs_printf.o)
                0x0000cf14                xzalloc
 .text.xstrdup  0x0000cf38       0x2c libbb/lib.a(xfuncs_printf.o)
                0x0000cf38                xstrdup
 .text.xstrndup
                0x0000cf64       0x50 libbb/lib.a(xfuncs_printf.o)
                0x0000cf64                xstrndup
 .text.xfopen   0x0000cfb4       0x24 libbb/lib.a(xfuncs_printf.o)
                0x0000cfb4                xfopen
 .text.xopen3   0x0000cfd8       0x24 libbb/lib.a(xfuncs_printf.o)
                0x0000cfd8                xopen3
 .text.xopen    0x0000cffc        0xc libbb/lib.a(xfuncs_printf.o)
                0x0000cffc                xopen
 .text.xopen_nonblocking
                0x0000d008        0x8 libbb/lib.a(xfuncs_printf.o)
                0x0000d008                xopen_nonblocking
 .text.open3_or_warn
                0x0000d010       0x2c libbb/lib.a(xfuncs_printf.o)
                0x0000d010                open3_or_warn
 .text.open_or_warn
                0x0000d03c        0xc libbb/lib.a(xfuncs_printf.o)
                0x0000d03c                open_or_warn
 .text.xpipe    0x0000d048       0x1c libbb/lib.a(xfuncs_printf.o)
                0x0000d048                xpipe
 .text.xdup2    0x0000d064       0x20 libbb/lib.a(xfuncs_printf.o)
                0x0000d064                xdup2
 .text.xmove_fd
                0x0000d084       0x20 libbb/lib.a(xfuncs_printf.o)
                0x0000d084                xmove_fd
 .text.xwrite   0x0000d0a4       0x24 libbb/lib.a(xfuncs_printf.o)
                0x0000d0a4                xwrite
 .text.xwrite_str
                0x0000d0c8       0x28 libbb/lib.a(xfuncs_printf.o)
                0x0000d0c8                xwrite_str
 .text.xclose   0x0000d0f0       0x1c libbb/lib.a(xfuncs_printf.o)
                0x0000d0f0                xclose
 .text.xlseek   0x0000d10c       0x58 libbb/lib.a(xfuncs_printf.o)
                0x0000d10c                xlseek
 .text.die_if_ferror
                0x0000d164       0x24 libbb/lib.a(xfuncs_printf.o)
                0x0000d164                die_if_ferror
 .text.die_if_ferror_stdout
                0x0000d188       0x18 libbb/lib.a(xfuncs_printf.o)
                0x0000d188                die_if_ferror_stdout
 .text.fflush_all
                0x0000d1a0        0x8 libbb/lib.a(xfuncs_printf.o)
                0x0000d1a0                fflush_all
 .text.bb_putchar
                0x0000d1a8        0x4 libbb/lib.a(xfuncs_printf.o)
                0x0000d1a8                bb_putchar
 .text.xprint_and_close_file
                0x0000d1ac       0x40 libbb/lib.a(xfuncs_printf.o)
                0x0000d1ac                xprint_and_close_file
 .text.xasprintf
                0x0000d1ec       0x40 libbb/lib.a(xfuncs_printf.o)
                0x0000d1ec                xasprintf
 .text.xsetgid  0x0000d22c       0x1c libbb/lib.a(xfuncs_printf.o)
                0x0000d22c                xsetgid
 .text.xsetuid  0x0000d248       0x1c libbb/lib.a(xfuncs_printf.o)
                0x0000d248                xsetuid
 .text.xchdir   0x0000d264       0x24 libbb/lib.a(xfuncs_printf.o)
                0x0000d264                xchdir
 .text.xchroot  0x0000d288       0x34 libbb/lib.a(xfuncs_printf.o)
                0x0000d288                xchroot
 .text.warn_opendir
                0x0000d2bc       0x2c libbb/lib.a(xfuncs_printf.o)
                0x0000d2bc                warn_opendir
 .text.xopendir
                0x0000d2e8       0x24 libbb/lib.a(xfuncs_printf.o)
                0x0000d2e8                xopendir
 .text.xsocket  0x0000d30c       0x1c libbb/lib.a(xfuncs_printf.o)
                0x0000d30c                xsocket
 .text.xbind    0x0000d328       0x1c libbb/lib.a(xfuncs_printf.o)
                0x0000d328                xbind
 .text.xlisten  0x0000d344       0x1c libbb/lib.a(xfuncs_printf.o)
                0x0000d344                xlisten
 .text.xsendto  0x0000d360       0x30 libbb/lib.a(xfuncs_printf.o)
                0x0000d360                xsendto
 .text.xstat    0x0000d390       0x24 libbb/lib.a(xfuncs_printf.o)
                0x0000d390                xstat
 .text.xfstat   0x0000d3b4       0x1c libbb/lib.a(xfuncs_printf.o)
                0x0000d3b4                xfstat
 .text.ioctl_or_perror_and_die
                0x0000d3d0       0x50 libbb/lib.a(xfuncs_printf.o)
                0x0000d3d0                ioctl_or_perror_and_die
 .text.ioctl_or_perror
                0x0000d420       0x50 libbb/lib.a(xfuncs_printf.o)
                0x0000d420                ioctl_or_perror
 .text.bb_ioctl_or_warn
                0x0000d470       0x24 libbb/lib.a(xfuncs_printf.o)
                0x0000d470                bb_ioctl_or_warn
 .text.bb_xioctl
                0x0000d494       0x1c libbb/lib.a(xfuncs_printf.o)
                0x0000d494                bb_xioctl
 .text.xmalloc_ttyname
                0x0000d4b0       0x40 libbb/lib.a(xfuncs_printf.o)
                0x0000d4b0                xmalloc_ttyname
 .text.generate_uuid
                0x0000d4f0       0xa4 libbb/lib.a(xfuncs_printf.o)
                0x0000d4f0                generate_uuid
 .text.xfork    0x0000d594       0x1c libbb/lib.a(xfuncs_printf.o)
                0x0000d594                xfork
 .text.xmalloc_readlink
                0x0000d5b0       0x64 libbb/lib.a(xreadlink.o)
                0x0000d5b0                xmalloc_readlink
 .text.xmalloc_readlink_or_warn
                0x0000d614       0x54 libbb/lib.a(xreadlink.o)
                0x0000d614                xmalloc_readlink_or_warn
 .text.xmalloc_realpath
                0x0000d668        0x8 libbb/lib.a(xreadlink.o)
                0x0000d668                xmalloc_realpath
 .text.bb_full_fd_action
                0x0000d670      0x138 libbb/lib.a(copyfd.o)
 .text.bb_copyfd_size
                0x0000d7a8       0x28 libbb/lib.a(copyfd.o)
                0x0000d7a8                bb_copyfd_size
 .text.bb_copyfd_eof
                0x0000d7d0        0xc libbb/lib.a(copyfd.o)
                0x0000d7d0                bb_copyfd_eof
 .text.full_write
                0x0000d7dc       0x58 libbb/lib.a(full_write.o)
                0x0000d7dc                full_write
 .text.safe_read
                0x0000d834       0x44 libbb/lib.a(read.o)
                0x0000d834                safe_read
 .text.full_read
                0x0000d878       0x5c libbb/lib.a(read.o)
                0x0000d878                full_read
 .text.read_close
                0x0000d8d4       0x20 libbb/lib.a(read.o)
                0x0000d8d4                read_close
 .text.open_read_close
                0x0000d8f4       0x2c libbb/lib.a(read.o)
                0x0000d8f4                open_read_close
 .text.safe_write
                0x0000d920       0x44 libbb/lib.a(safe_write.o)
                0x0000d920                safe_write
 .text.parse_datestr
                0x0000d964      0x3a8 libbb/lib.a(time.o)
                0x0000d964                parse_datestr
 .text.validate_tm_time
                0x0000dd0c       0x28 libbb/lib.a(time.o)
                0x0000dd0c                validate_tm_time
 .text.monotonic_us
                0x0000dd34       0x30 libbb/lib.a(time.o)
                0x0000dd34                monotonic_us
 .text.monotonic_ms
                0x0000dd64       0x3c libbb/lib.a(time.o)
                0x0000dd64                monotonic_ms
 .text.monotonic_sec
                0x0000dda0        0x8 libbb/lib.a(time.o)
                0x0000dda0                monotonic_sec
 .text.ret_ERANGE
                0x0000dda8       0x20 libbb/lib.a(bb_strtonum.o)
 .text.handle_errors.isra.0
                0x0000ddc8       0x50 libbb/lib.a(bb_strtonum.o)
 .text.bb_strtoull
                0x0000de18       0x60 libbb/lib.a(bb_strtonum.o)
                0x0000de18                bb_strtoull
 .text.bb_strtoll
                0x0000de78       0x6c libbb/lib.a(bb_strtonum.o)
                0x0000de78                bb_strtoll
 .text.bb_strtoul
                0x0000dee4       0x64 libbb/lib.a(bb_strtonum.o)
                0x0000dee4                bb_strtoul
 .text.bb_strtol
                0x0000df48       0x70 libbb/lib.a(bb_strtonum.o)
                0x0000df48                bb_strtol
 .text.adjtimex_main
                0x0000dfb8      0x1e8 miscutils/lib.a(adjtimex.o)
                0x0000dfb8                adjtimex_main
 .text.beep_main
                0x0000e1a0      0x164 miscutils/lib.a(beep.o)
                0x0000e1a0                beep_main
 .text.devmem_main
                0x0000e304      0x24c miscutils/lib.a(devmem.o)
                0x0000e304                devmem_main
 .text.opp_bracket
                0x0000e550       0x5c miscutils/lib.a(less.o)
 .text.sigwinch_handler
                0x0000e5ac       0x1c miscutils/lib.a(less.o)
 .text.clear_line
                0x0000e5c8       0x20 miscutils/lib.a(less.o)
 .text.print_statusline
                0x0000e5e8       0x34 miscutils/lib.a(less.o)
 .text.move_cursor
                0x0000e61c       0x18 miscutils/lib.a(less.o)
 .text.print_hilite
                0x0000e634       0x10 miscutils/lib.a(less.o)
 .text.m_status_print
                0x0000e644       0xfc miscutils/lib.a(less.o)
 .text.fill_match_lines
                0x0000e740       0xb0 miscutils/lib.a(less.o)
 .text.read_lines
                0x0000e7f0      0x3c0 miscutils/lib.a(less.o)
 .text.re_wrap  0x0000ebb0      0x1c4 miscutils/lib.a(less.o)
 .text.lineno_str
                0x0000ed74       0x98 miscutils/lib.a(less.o)
 .text.print_found
                0x0000ee0c      0x1ac miscutils/lib.a(less.o)
 .text.print_ascii
                0x0000efb8      0x10c miscutils/lib.a(less.o)
 .text.status_print
                0x0000f0c4       0xa4 miscutils/lib.a(less.o)
 .text.buffer_print
                0x0000f168       0x64 miscutils/lib.a(less.o)
 .text.buffer_fill_and_print
                0x0000f1cc       0xec miscutils/lib.a(less.o)
 .text.reinitialize
                0x0000f2b8       0xd8 miscutils/lib.a(less.o)
 .text.change_file
                0x0000f390       0x80 miscutils/lib.a(less.o)
 .text.buffer_down
                0x0000f410       0x84 miscutils/lib.a(less.o)
 .text.buffer_up
                0x0000f494       0x34 miscutils/lib.a(less.o)
 .text.buffer_line
                0x0000f4c8       0x44 miscutils/lib.a(less.o)
 .text.goto_match
                0x0000f50c       0x7c miscutils/lib.a(less.o)
 .text.set_tty_cooked
                0x0000f588       0x28 miscutils/lib.a(less.o)
 .text.less_exit
                0x0000f5b0       0x28 miscutils/lib.a(less.o)
 .text.getch_nowait
                0x0000f5d8      0x18c miscutils/lib.a(less.o)
 .text.less_getch
                0x0000f764       0x4c miscutils/lib.a(less.o)
 .text.less_gets
                0x0000f7b0       0xd0 miscutils/lib.a(less.o)
 .text.sig_catcher
                0x0000f880        0xc miscutils/lib.a(less.o)
 .text.examine_file
                0x0000f88c       0x8c miscutils/lib.a(less.o)
 .text.regex_process
                0x0000f918      0x128 miscutils/lib.a(less.o)
 .text.less_main
                0x0000fa40      0xb2c miscutils/lib.a(less.o)
                0x0000fa40                less_main
 .text.next_good_eraseblock
                0x0001056c       0xa4 miscutils/lib.a(nandwrite.o)
 .text.dump_bad
                0x00010610       0x84 miscutils/lib.a(nandwrite.o)
 .text.nandwrite_main
                0x00010694      0x448 miscutils/lib.a(nandwrite.o)
                0x00010694                nandwrite_main
 .text.serial_open
                0x00010adc       0x38 miscutils/lib.a(setserial.o)
 .text.index_in_strings_case_insensitive
                0x00010b14       0x54 miscutils/lib.a(setserial.o)
 .text.get_numeric
                0x00010b68        0xc miscutils/lib.a(setserial.o)
 .text.serial_ctl
                0x00010b74       0xc4 miscutils/lib.a(setserial.o)
 .text.print_flag
                0x00010c38       0x2c miscutils/lib.a(setserial.o)
 .text.setserial_main
                0x00010c64      0x5a0 miscutils/lib.a(setserial.o)
                0x00010c64                setserial_main
 .text.strings_main
                0x00011204      0x1d4 miscutils/lib.a(strings.o)
                0x00011204                strings_main
 .text.ptok     0x000113d8       0x30 miscutils/lib.a(time.o)
 .text.run_command
                0x00011408       0xe4 miscutils/lib.a(time.o)
 .text.time_main
                0x000114ec      0x628 miscutils/lib.a(time.o)
                0x000114ec                time_main
 .text.timeout_main
                0x00011b14      0x164 miscutils/lib.a(timeout.o)
                0x00011b14                timeout_main
 .text.ubi_tools_main
                0x00011c78      0x440 miscutils/lib.a(ubi_tools.o)
                0x00011c78                ubi_tools_main
 .text.watchdog_shutdown
                0x000120b8       0x20 miscutils/lib.a(watchdog.o)
 .text.watchdog_main
                0x000120d8      0x13c miscutils/lib.a(watchdog.o)
                0x000120d8                watchdog_main
 .text.display  0x00012214       0x64 modutils/lib.a(modinfo.o)
 .text.modinfo  0x00012278      0x190 modutils/lib.a(modinfo.o)
 .text.modinfo_main
                0x00012408      0x164 modutils/lib.a(modinfo.o)
                0x00012408                modinfo_main
 .text.reset_stringbuf
                0x0001256c       0x18 modutils/lib.a(modprobe-small.o)
 .text.replace  0x00012584       0x1c modutils/lib.a(modprobe-small.o)
 .text.load_module
                0x000125a0       0x54 modutils/lib.a(modprobe-small.o)
 .text.moderror
                0x000125f4       0x4c modutils/lib.a(modprobe-small.o)
 .text.load_dep_bb
                0x00012640      0x13c modutils/lib.a(modprobe-small.o)
 .text.pathname_matches_modname
                0x0001277c       0x5c modutils/lib.a(modprobe-small.o)
 .text.find_keyword
                0x000127d8       0x8c modutils/lib.a(modprobe-small.o)
 .text.append   0x00012864       0x70 modutils/lib.a(modprobe-small.o)
 .text.copy_stringbuf
                0x000128d4       0x2c modutils/lib.a(modprobe-small.o)
 .text.str_2_list
                0x00012900       0x48 modutils/lib.a(modprobe-small.o)
 .text.parse_module
                0x00012948      0x170 modutils/lib.a(modprobe-small.o)
 .text.find_alias
                0x00012ab8      0x308 modutils/lib.a(modprobe-small.o)
 .text.process_module
                0x00012dc0      0x2d8 modutils/lib.a(modprobe-small.o)
 .text.fileAction
                0x00013098       0xd0 modutils/lib.a(modprobe-small.o)
 .text.modprobe_main
                0x00013168      0x230 modutils/lib.a(modprobe-small.o)
                0x00013168                modprobe_main
 .text.filename2modname
                0x00013398       0x74 modutils/lib.a(modutils.o)
                0x00013398                filename2modname
 .text.undot    0x0001340c       0x3c networking/lib.a(dnsd.o)
 .text.dnsd_main
                0x00013448      0x664 networking/lib.a(dnsd.o)
                0x00013448                dnsd_main
 .text.scan_ip  0x00013aac       0xd4 networking/lib.a(httpd.o)
 .text.checkPermIP
                0x00013b80       0x5c networking/lib.a(httpd.o)
 .text.free_llist
                0x00013bdc       0x2c networking/lib.a(httpd.o)
 .text.parse_conf
                0x00013c08      0x5ac networking/lib.a(httpd.o)
 .text.sighup_handler
                0x000141b4       0x10 networking/lib.a(httpd.o)
 .text.get_line
                0x000141c4       0xac networking/lib.a(httpd.o)
 .text.check_user_passwd
                0x00014270      0x1c0 networking/lib.a(httpd.o)
 .text.log_and_exit
                0x00014430       0x44 networking/lib.a(httpd.o)
 .text.cgi_io_loop_and_exit
                0x00014474      0x26c networking/lib.a(httpd.o)
 .text.setenv1  0x000146e0       0x18 networking/lib.a(httpd.o)
 .text.send_file_and_exit
                0x000146f8      0x3fc networking/lib.a(httpd.o)
 .text.send_headers
                0x00014af4      0x354 networking/lib.a(httpd.o)
 .text.send_headers_and_exit
                0x00014e48       0x20 networking/lib.a(httpd.o)
 .text.send_cgi_and_exit
                0x00014e68      0x444 networking/lib.a(httpd.o)
 .text.send_REQUEST_TIMEOUT_and_exit
                0x000152ac        0xc networking/lib.a(httpd.o)
 .text.handle_incoming_and_exit
                0x000152b8      0xbd8 networking/lib.a(httpd.o)
 .text.httpd_main
                0x00015e90      0x3ac networking/lib.a(httpd.o)
                0x00015e90                httpd_main
 .text.ifconfig_main
                0x0001623c      0x538 networking/lib.a(ifconfig.o)
                0x0001623c                ifconfig_main
 .text.ioctl_on_skfd
                0x00016774       0x14 networking/lib.a(ifenslave.o)
 .text.set_ifrname_and_do_ioctl
                0x00016788       0x28 networking/lib.a(ifenslave.o)
 .text.get_slave_flags
                0x000167b0       0x20 networking/lib.a(ifenslave.o)
 .text.set_if_flags
                0x000167d0       0x28 networking/lib.a(ifenslave.o)
 .text.set_if_down
                0x000167f8       0x30 networking/lib.a(ifenslave.o)
 .text.set_if_up
                0x00016828       0x30 networking/lib.a(ifenslave.o)
 .text.set_mtu  0x00016858       0x28 networking/lib.a(ifenslave.o)
 .text.get_if_settings
                0x00016880       0x54 networking/lib.a(ifenslave.o)
 .text.get_drv_info
                0x000168d4       0xe0 networking/lib.a(ifenslave.o)
 .text.set_hwaddr
                0x000169b4       0x34 networking/lib.a(ifenslave.o)
 .text.enslave  0x000169e8      0x2a8 networking/lib.a(ifenslave.o)
 .text.ifenslave_main
                0x00016c90      0x304 networking/lib.a(ifenslave.o)
                0x00016c90                ifenslave_main
 .text.strstatus
                0x00016f94       0x20 networking/lib.a(ifplugd.o)
 .text.read_pid
                0x00016fb4       0x44 networking/lib.a(ifplugd.o)
 .text.set_ifreq_to_ifname
                0x00016ff8       0x30 networking/lib.a(ifplugd.o)
 .text.network_ioctl
                0x00017028       0x4c networking/lib.a(ifplugd.o)
 .text.detect_link_iff
                0x00017074       0x6c networking/lib.a(ifplugd.o)
 .text.detect_link_wlan
                0x000170e0       0xb0 networking/lib.a(ifplugd.o)
 .text.detect_link_priv
                0x00017190       0x78 networking/lib.a(ifplugd.o)
 .text.detect_link_mii
                0x00017208       0x78 networking/lib.a(ifplugd.o)
 .text.detect_link_ethtool
                0x00017280       0x58 networking/lib.a(ifplugd.o)
 .text.check_existence_through_netlink
                0x000172d8      0x184 networking/lib.a(ifplugd.o)
 .text.up_iface
                0x0001745c       0x9c networking/lib.a(ifplugd.o)
 .text.maybe_up_new_iface
                0x000174f8       0x40 networking/lib.a(ifplugd.o)
 .text.detect_link
                0x00017538      0x134 networking/lib.a(ifplugd.o)
 .text.run_script
                0x0001766c       0xfc networking/lib.a(ifplugd.o)
 .text.ifplugd_main
                0x00017768      0x5a0 networking/lib.a(ifplugd.o)
                0x00017768                ifplugd_main
 .text.manual_up_down6
                0x00017d08        0x8 networking/lib.a(ifupdown.o)
 .text.dhcp_up  0x00017d10        0x8 networking/lib.a(ifupdown.o)
 .text.dhcp_down
                0x00017d18        0x8 networking/lib.a(ifupdown.o)
 .text.manual_up_down
                0x00017d20        0x8 networking/lib.a(ifupdown.o)
 .text.check    0x00017d28        0xc networking/lib.a(ifupdown.o)
 .text.strncmpz
                0x00017d34       0x20 networking/lib.a(ifupdown.o)
 .text.get_var  0x00017d54       0x90 networking/lib.a(ifupdown.o)
 .text.find_iface_state
                0x00017de4       0x58 networking/lib.a(ifupdown.o)
 .text.addstr   0x00017e3c       0x58 networking/lib.a(ifupdown.o)
 .text.execute  0x00017e94      0x33c networking/lib.a(ifupdown.o)
 .text.loopback_down6
                0x000181d0       0x18 networking/lib.a(ifupdown.o)
 .text.loopback_up6
                0x000181e8       0x4c networking/lib.a(ifupdown.o)
 .text.static_down6
                0x00018234       0x18 networking/lib.a(ifupdown.o)
 .text.static_up6
                0x0001824c       0x64 networking/lib.a(ifupdown.o)
 .text.v4tunnel_down
                0x000182b0       0x18 networking/lib.a(ifupdown.o)
 .text.v4tunnel_up
                0x000182c8       0x7c networking/lib.a(ifupdown.o)
 .text.loopback_down
                0x00018344       0x4c networking/lib.a(ifupdown.o)
 .text.loopback_up
                0x00018390       0x4c networking/lib.a(ifupdown.o)
 .text.bootp_up
                0x000183dc       0x18 networking/lib.a(ifupdown.o)
 .text.static_down
                0x000183f4       0x4c networking/lib.a(ifupdown.o)
 .text.static_up
                0x00018440       0x64 networking/lib.a(ifupdown.o)
 .text.ppp_down
                0x000184a4       0x18 networking/lib.a(ifupdown.o)
 .text.ppp_up   0x000184bc       0x18 networking/lib.a(ifupdown.o)
 .text.wvdial_down
                0x000184d4       0x18 networking/lib.a(ifupdown.o)
 .text.wvdial_up
                0x000184ec       0x18 networking/lib.a(ifupdown.o)
 .text.next_word
                0x00018504       0x58 networking/lib.a(ifupdown.o)
 .text.popen2   0x0001855c       0xb8 networking/lib.a(ifupdown.o)
 .text.read_iface_state
                0x00018614       0x60 networking/lib.a(ifupdown.o)
 .text.setlocalenv
                0x00018674       0x84 networking/lib.a(ifupdown.o)
 .text.set_environ
                0x000186f8      0x1b8 networking/lib.a(ifupdown.o)
 .text.doit     0x000188b0       0xe4 networking/lib.a(ifupdown.o)
 .text.execute_all
                0x00018994       0x68 networking/lib.a(ifupdown.o)
 .text.iface_up
                0x000189fc       0xa8 networking/lib.a(ifupdown.o)
 .text.iface_down
                0x00018aa4       0xa8 networking/lib.a(ifupdown.o)
 .text.ifupdown_main
                0x00018b4c      0x9f0 networking/lib.a(ifupdown.o)
                0x00018b4c                ifupdown_main
 .text.remove_fd_from_set
                0x0001953c       0x74 networking/lib.a(inetd.o)
 .text.init_ring
                0x000195b0       0x78 networking/lib.a(inetd.o)
 .text.discard_dg
                0x00019628       0x18 networking/lib.a(inetd.o)
 .text.maybe_close
                0x00019640        0xc networking/lib.a(inetd.o)
 .text.free_servtab_strings
                0x0001964c       0x5c networking/lib.a(inetd.o)
 .text.bump_nofile
                0x000196a8      0x130 networking/lib.a(inetd.o)
 .text.add_fd_to_set
                0x000197d8      0x124 networking/lib.a(inetd.o)
 .text.block_CHLD_HUP_ALRM
                0x000198fc       0x44 networking/lib.a(inetd.o)
 .text.restore_sigmask
                0x00019940       0x10 networking/lib.a(inetd.o)
 .text.rearm_alarm
                0x00019950       0x44 networking/lib.a(inetd.o)
 .text.xzalloc_lsa
                0x00019994       0x34 networking/lib.a(inetd.o)
 .text.new_servtab
                0x000199c8       0x18 networking/lib.a(inetd.o)
 .text.unregister_rpc
                0x000199e0       0x4c networking/lib.a(inetd.o)
 .text.clean_up_and_exit
                0x00019a2c       0xa4 networking/lib.a(inetd.o)
 .text.reap_child
                0x00019ad0       0xd8 networking/lib.a(inetd.o)
 .text.daytime_dg
                0x00019ba8       0xb0 networking/lib.a(inetd.o)
 .text.daytime_stream
                0x00019c58       0x38 networking/lib.a(inetd.o)
 .text.machtime
                0x00019c90       0x3c networking/lib.a(inetd.o)
 .text.machtime_dg
                0x00019ccc       0x84 networking/lib.a(inetd.o)
 .text.machtime_stream
                0x00019d50       0x24 networking/lib.a(inetd.o)
 .text.chargen_dg
                0x00019d74      0x194 networking/lib.a(inetd.o)
 .text.chargen_stream
                0x00019f08       0xc8 networking/lib.a(inetd.o)
 .text.discard_stream
                0x00019fd0       0x2c networking/lib.a(inetd.o)
 .text.echo_stream
                0x00019ffc       0x38 networking/lib.a(inetd.o)
 .text.echo_dg  0x0001a034       0x8c networking/lib.a(inetd.o)
 .text.register_rpc
                0x0001a0c0       0xc4 networking/lib.a(inetd.o)
 .text.prepare_socket_fd
                0x0001a184      0x190 networking/lib.a(inetd.o)
 .text.reread_config_file
                0x0001a314      0xb54 networking/lib.a(inetd.o)
 .text.retry_network_setup
                0x0001ae68       0xa0 networking/lib.a(inetd.o)
 .text.inetd_main
                0x0001af08      0xbb0 networking/lib.a(inetd.o)
                0x0001af08                inetd_main
 .text.get_afntype
                0x0001bab8       0x2c networking/lib.a(interface.o)
 .text.hexchar2int
                0x0001bae4       0x2c networking/lib.a(interface.o)
 .text.ether_input
                0x0001bb10       0xbc networking/lib.a(interface.o)
 .text.add_interface
                0x0001bbcc       0x90 networking/lib.a(interface.o)
 .text.if_readconf
                0x0001bc5c       0xcc networking/lib.a(interface.o)
 .text.if_readlist_proc
                0x0001bd28      0x29c networking/lib.a(interface.o)
 .text.do_if_fetch
                0x0001bfc4      0x308 networking/lib.a(interface.o)
 .text.print_bytes_scaled
                0x0001c2cc       0x94 networking/lib.a(interface.o)
 .text.UNSPEC_print
                0x0001c360       0x64 networking/lib.a(interface.o)
 .text.UNSPEC_sprint
                0x0001c3c4       0x28 networking/lib.a(interface.o)
 .text.INET6_input
                0x0001c3ec        0x4 networking/lib.a(interface.o)
 .text.INET6_sprint
                0x0001c3f0       0x50 networking/lib.a(interface.o)
 .text.INET_input
                0x0001c440        0x8 networking/lib.a(interface.o)
 .text.INET_sprint
                0x0001c448       0x54 networking/lib.a(interface.o)
 .text.ether_print
                0x0001c49c       0x58 networking/lib.a(interface.o)
 .text.get_hwntype
                0x0001c4f4       0x2c networking/lib.a(interface.o)
                0x0001c4f4                get_hwntype
 .text.ife_print
                0x0001c520      0x5bc networking/lib.a(interface.o)
 .text.display_interfaces
                0x0001cadc       0xd8 networking/lib.a(interface.o)
                0x0001cadc                display_interfaces
 .text.ip_do    0x0001cbb4       0x18 networking/lib.a(ip.o)
 .text.ip_print_help
                0x0001cbcc        0x8 networking/lib.a(ip.o)
 .text.ipaddr_main
                0x0001cbd4        0xc networking/lib.a(ip.o)
                0x0001cbd4                ipaddr_main
 .text.iplink_main
                0x0001cbe0        0xc networking/lib.a(ip.o)
                0x0001cbe0                iplink_main
 .text.iproute_main
                0x0001cbec        0xc networking/lib.a(ip.o)
                0x0001cbec                iproute_main
 .text.iprule_main
                0x0001cbf8        0xc networking/lib.a(ip.o)
                0x0001cbf8                iprule_main
 .text.iptunnel_main
                0x0001cc04        0xc networking/lib.a(ip.o)
                0x0001cc04                iptunnel_main
 .text.ip_main  0x0001cc10       0x4c networking/lib.a(ip.o)
                0x0001cc10                ip_main
 .text.timeout  0x0001cc5c       0x10 networking/lib.a(nc.o)
 .text.nc_main  0x0001cc6c      0x498 networking/lib.a(nc.o)
                0x0001cc6c                nc_main
 .text.prg_cache_get
                0x0001d104       0x54 networking/lib.a(netstat.o)
 .text.dir_act  0x0001d158       0xe4 networking/lib.a(netstat.o)
 .text.add_to_prg_cache_if_socket
                0x0001d23c      0x114 networking/lib.a(netstat.o)
 .text.do_info  0x0001d350       0x78 networking/lib.a(netstat.o)
 .text.build_ipv4_addr
                0x0001d3c8       0x24 networking/lib.a(netstat.o)
 .text.unix_do_one
                0x0001d3ec      0x278 networking/lib.a(netstat.o)
 .text.build_ipv6_addr
                0x0001d664       0x64 networking/lib.a(netstat.o)
 .text.scan_inet_proc_line
                0x0001d6c8       0xb0 networking/lib.a(netstat.o)
 .text.ip_port_str
                0x0001d778       0x9c networking/lib.a(netstat.o)
 .text.print_inet_line
                0x0001d814       0xfc networking/lib.a(netstat.o)
 .text.raw_do_one
                0x0001d910       0x94 networking/lib.a(netstat.o)
 .text.udp_do_one
                0x0001d9a4       0xbc networking/lib.a(netstat.o)
 .text.tcp_do_one
                0x0001da60       0x64 networking/lib.a(netstat.o)
 .text.netstat_main
                0x0001dac4      0x2a4 networking/lib.a(netstat.o)
                0x0001dac4                netstat_main
 .text.print_host
                0x0001dd68       0xe8 networking/lib.a(nslookup.o)
 .text.nslookup_main
                0x0001de50       0xdc networking/lib.a(nslookup.o)
                0x0001de50                nslookup_main
 .text.unpack_tail
                0x0001df2c      0x2a4 networking/lib.a(ping.o)
 .text.print_stats_and_exit
                0x0001e1d0      0x300 networking/lib.a(ping.o)
 .text.sendping_tail.constprop.0
                0x0001e4d0      0x25c networking/lib.a(ping.o)
 .text.sendping4
                0x0001e72c       0xac networking/lib.a(ping.o)
 .text.sendping6
                0x0001e7d8       0x78 networking/lib.a(ping.o)
 .text.common_ping_main
                0x0001e850      0xcc8 networking/lib.a(ping.o)
 .text.ping_main
                0x0001f518        0xc networking/lib.a(ping.o)
                0x0001f518                ping_main
 .text.ping6_main
                0x0001f524        0xc networking/lib.a(ping.o)
                0x0001f524                ping6_main
 .text.set_flags
                0x0001f530       0x3c networking/lib.a(route.o)
 .text.kw_lookup
                0x0001f56c       0x80 networking/lib.a(route.o)
 .text.INET6_displayroutes
                0x0001f5ec      0x204 networking/lib.a(route.o)
 .text.INET6_setroute
                0x0001f7f0      0x26c networking/lib.a(route.o)
 .text.INET_setroute
                0x0001fa5c      0x3d0 networking/lib.a(route.o)
 .text.bb_displayroutes
                0x0001fe2c      0x1dc networking/lib.a(route.o)
                0x0001fe2c                bb_displayroutes
 .text.route_main
                0x00020008      0x150 networking/lib.a(route.o)
                0x00020008                route_main
 .text.put_iac  0x00020158       0x50 networking/lib.a(telnet.o)
 .text.iac_flush
                0x000201a8       0x4c networking/lib.a(telnet.o)
 .text.put_iac2
                0x000201f4       0x58 networking/lib.a(telnet.o)
 .text.rawmode  0x0002024c       0x24 networking/lib.a(telnet.o)
 .text.cookmode
                0x00020270       0x24 networking/lib.a(telnet.o)
 .text.setConMode
                0x00020294       0x70 networking/lib.a(telnet.o)
 .text.doexit   0x00020304       0x14 networking/lib.a(telnet.o)
 .text.con_escape
                0x00020318      0x154 networking/lib.a(telnet.o)
 .text.handle_net_output
                0x0002046c       0x98 networking/lib.a(telnet.o)
 .text.telnet_main
                0x00020504      0x720 networking/lib.a(telnet.o)
                0x00020504                telnet_main
 .text.sanitize_string
                0x00020c24       0x24 networking/lib.a(wget.o)
 .text.open_socket
                0x00020c48       0x28 networking/lib.a(wget.o)
 .text.base64enc
                0x00020c70       0x48 networking/lib.a(wget.o)
 .text.fgets_and_trim
                0x00020cb8       0x6c networking/lib.a(wget.o)
 .text.parse_url
                0x00020d24      0x1a4 networking/lib.a(wget.o)
 .text.gethdr   0x00020ec8       0xc4 networking/lib.a(wget.o)
 .text.progress_meter
                0x00020f8c       0xe4 networking/lib.a(wget.o)
 .text.retrieve_file_data
                0x00021070      0x22c networking/lib.a(wget.o)
 .text.ftpcmd   0x0002129c       0x84 networking/lib.a(wget.o)
 .text.wget_main
                0x00021320      0xb70 networking/lib.a(wget.o)
                0x00021320                wget_main
 .text.pipe_out
                0x00021e90       0x68 networking/lib.a(whois.o)
 .text.whois_main
                0x00021ef8       0x90 networking/lib.a(whois.o)
                0x00021ef8                whois_main
 .text.ip_parse_common_args
                0x00021f88       0xfc networking/libiproute/lib.a(ip_parse_common_args.o)
                0x00021f88                ip_parse_common_args
 .text.ipaddr_modify
                0x00022084      0x574 networking/libiproute/lib.a(ipaddress.o)
 .text.flush_update
                0x000225f8       0x98 networking/libiproute/lib.a(ipaddress.o)
 .text.print_linkinfo
                0x00022690      0x414 networking/libiproute/lib.a(ipaddress.o)
 .text.print_addrinfo
                0x00022aa4      0x6e0 networking/libiproute/lib.a(ipaddress.o)
 .text.store_nlmsg
                0x00023184       0x5c networking/libiproute/lib.a(ipaddress.o)
 .text.ipaddr_list_or_flush
                0x000231e0      0x71c networking/libiproute/lib.a(ipaddress.o)
                0x000231e0                ipaddr_list_or_flush
 .text.do_ipaddr
                0x000238fc       0x88 networking/libiproute/lib.a(ipaddress.o)
                0x000238fc                do_ipaddr
 .text.die_must_be_on_off
                0x00023984       0x14 networking/libiproute/lib.a(iplink.o)
 .text.do_change
                0x00023998      0x278 networking/libiproute/lib.a(iplink.o)
 .text.get_ctl_fd
                0x00023c10       0x48 networking/libiproute/lib.a(iplink.o)
 .text.do_iplink
                0x00023c58      0x56c networking/libiproute/lib.a(iplink.o)
                0x00023c58                do_iplink
 .text.iproute_reset_filter
                0x000241c4       0x34 networking/libiproute/lib.a(iproute.o)
 .text.flush_update
                0x000241f8       0x98 networking/libiproute/lib.a(iproute.o)
 .text.print_route
                0x00024290      0x8f8 networking/libiproute/lib.a(iproute.o)
 .text.iproute_get
                0x00024b88      0x3e4 networking/libiproute/lib.a(iproute.o)
 .text.iproute_list_or_flush
                0x00024f6c      0x670 networking/libiproute/lib.a(iproute.o)
 .text.iproute_modify
                0x000255dc      0x4e8 networking/libiproute/lib.a(iproute.o)
 .text.do_iproute
                0x00025ac4       0xf0 networking/libiproute/lib.a(iproute.o)
                0x00025ac4                do_iproute
 .text.iprule_modify
                0x00025bb4      0x3f0 networking/libiproute/lib.a(iprule.o)
 .text.print_rule
                0x00025fa4      0x2cc networking/libiproute/lib.a(iprule.o)
 .text.do_iprule
                0x00026270       0xc8 networking/libiproute/lib.a(iprule.o)
                0x00026270                do_iprule
 .text.do_get_ioctl
                0x00026338       0x64 networking/libiproute/lib.a(iptunnel.o)
 .text.parse_args
                0x0002639c      0x67c networking/libiproute/lib.a(iptunnel.o)
 .text.do_add_ioctl
                0x00026a18       0x90 networking/libiproute/lib.a(iptunnel.o)
 .text.do_add   0x00026aa8       0xa4 networking/libiproute/lib.a(iptunnel.o)
 .text.do_del_ioctl
                0x00026b4c       0x68 networking/libiproute/lib.a(iptunnel.o)
 .text.print_tunnel
                0x00026bb4      0x2f4 networking/libiproute/lib.a(iptunnel.o)
 .text.do_tunnels_list
                0x00026ea8      0x288 networking/libiproute/lib.a(iptunnel.o)
 .text.do_iptunnel
                0x00027130      0x198 networking/libiproute/lib.a(iptunnel.o)
                0x00027130                do_iptunnel
 .text.xrtnl_open
                0x000272c8       0x68 networking/libiproute/lib.a(libnetlink.o)
                0x000272c8                xrtnl_open
 .text.rtnl_send
                0x00027330       0x50 networking/libiproute/lib.a(libnetlink.o)
                0x00027330                rtnl_send
 .text.xrtnl_wilddump_request
                0x00027380       0x50 networking/libiproute/lib.a(libnetlink.o)
                0x00027380                xrtnl_wilddump_request
 .text.xrtnl_dump_filter
                0x000273d0      0x1ec networking/libiproute/lib.a(libnetlink.o)
                0x000273d0                xrtnl_dump_filter
 .text.rtnl_talk
                0x000275bc      0x288 networking/libiproute/lib.a(libnetlink.o)
                0x000275bc                rtnl_talk
 .text.addattr32
                0x00027844       0x64 networking/libiproute/lib.a(libnetlink.o)
                0x00027844                addattr32
 .text.addattr_l
                0x000278a8       0x68 networking/libiproute/lib.a(libnetlink.o)
                0x000278a8                addattr_l
 .text.rta_addattr32
                0x00027910       0x64 networking/libiproute/lib.a(libnetlink.o)
                0x00027910                rta_addattr32
 .text.parse_rtattr
                0x00027974       0x64 networking/libiproute/lib.a(libnetlink.o)
                0x00027974                parse_rtattr
 .text.ll_addr_n2a
                0x000279d8       0xbc networking/libiproute/lib.a(ll_addr.o)
                0x000279d8                ll_addr_n2a
 .text.ll_addr_a2n
                0x00027a94       0xe8 networking/libiproute/lib.a(ll_addr.o)
                0x00027a94                ll_addr_a2n
 .text.find_by_index
                0x00027b7c       0x48 networking/libiproute/lib.a(ll_map.o)
 .text.ll_remember_index
                0x00027bc4      0x12c networking/libiproute/lib.a(ll_map.o)
                0x00027bc4                ll_remember_index
 .text.ll_idx_n2a
                0x00027cf0       0x48 networking/libiproute/lib.a(ll_map.o)
                0x00027cf0                ll_idx_n2a
 .text.ll_index_to_name
                0x00027d38        0xc networking/libiproute/lib.a(ll_map.o)
                0x00027d38                ll_index_to_name
 .text.ll_index_to_flags
                0x00027d44       0x24 networking/libiproute/lib.a(ll_map.o)
                0x00027d44                ll_index_to_flags
 .text.xll_name_to_index
                0x00027d68       0x84 networking/libiproute/lib.a(ll_map.o)
                0x00027d68                xll_name_to_index
 .text.ll_init_map
                0x00027dec       0x30 networking/libiproute/lib.a(ll_map.o)
                0x00027dec                ll_init_map
 .text.ll_type_n2a
                0x00027e1c       0x68 networking/libiproute/lib.a(ll_types.o)
                0x00027e1c                ll_type_n2a
 .text.rtnl_tab_initialize
                0x00027e84       0x90 networking/libiproute/lib.a(rt_names.o)
 .text.rtnl_rttable_initialize
                0x00027f14       0x78 networking/libiproute/lib.a(rt_names.o)
 .text.rtnl_rtdsfield_initialize
                0x00027f8c       0x48 networking/libiproute/lib.a(rt_names.o)
 .text.rtnl_rtrealm_initialize
                0x00027fd4       0x48 networking/libiproute/lib.a(rt_names.o)
 .text.rtnl_rtscope_initialize
                0x0002801c       0x7c networking/libiproute/lib.a(rt_names.o)
 .text.rtnl_rtprot_initialize
                0x00028098       0x6c networking/libiproute/lib.a(rt_names.o)
 .text.rtnl_a2n
                0x00028104       0xa4 networking/libiproute/lib.a(rt_names.o)
 .text.rtnl_rtprot_a2n
                0x000281a8       0x30 networking/libiproute/lib.a(rt_names.o)
                0x000281a8                rtnl_rtprot_a2n
 .text.rtnl_rtscope_n2a
                0x000281d8       0x68 networking/libiproute/lib.a(rt_names.o)
                0x000281d8                rtnl_rtscope_n2a
 .text.rtnl_rtscope_a2n
                0x00028240       0x30 networking/libiproute/lib.a(rt_names.o)
                0x00028240                rtnl_rtscope_a2n
 .text.rtnl_rtrealm_a2n
                0x00028270       0x30 networking/libiproute/lib.a(rt_names.o)
                0x00028270                rtnl_rtrealm_a2n
 .text.rtnl_rtrealm_n2a
                0x000282a0       0x68 networking/libiproute/lib.a(rt_names.o)
                0x000282a0                rtnl_rtrealm_n2a
 .text.rtnl_dsfield_n2a
                0x00028308       0x6c networking/libiproute/lib.a(rt_names.o)
                0x00028308                rtnl_dsfield_n2a
 .text.rtnl_dsfield_a2n
                0x00028374       0x30 networking/libiproute/lib.a(rt_names.o)
                0x00028374                rtnl_dsfield_a2n
 .text.rtnl_rttable_n2a
                0x000283a4       0x68 networking/libiproute/lib.a(rt_names.o)
                0x000283a4                rtnl_rttable_n2a
 .text.rtnl_rttable_a2n
                0x0002840c       0x30 networking/libiproute/lib.a(rt_names.o)
                0x0002840c                rtnl_rttable_a2n
 .text.rtnl_rtntype_n2a
                0x0002843c       0xf0 networking/libiproute/lib.a(rtm_map.o)
                0x0002843c                rtnl_rtntype_n2a
 .text.rtnl_rtntype_a2n
                0x0002852c      0x110 networking/libiproute/lib.a(rtm_map.o)
                0x0002852c                rtnl_rtntype_a2n
 .text.get_rt_realms
                0x0002863c       0xa0 networking/libiproute/lib.a(rtm_map.o)
                0x0002863c                get_rt_realms
 .text.get_addr_1
                0x000286dc      0x178 networking/libiproute/lib.a(utils.o)
                0x000286dc                get_addr_1
 .text.get_addr
                0x00028854       0x4c networking/libiproute/lib.a(utils.o)
                0x00028854                get_addr
 .text.get_prefix
                0x000288a0      0x1c0 networking/libiproute/lib.a(utils.o)
                0x000288a0                get_prefix
 .text.get_addr32
                0x00028a60       0x50 networking/libiproute/lib.a(utils.o)
                0x00028a60                get_addr32
 .text.incomplete_command
                0x00028ab0       0x10 networking/libiproute/lib.a(utils.o)
                0x00028ab0                incomplete_command
 .text.invarg   0x00028ac0       0x1c networking/libiproute/lib.a(utils.o)
                0x00028ac0                invarg
 .text.get_u32  0x00028adc       0x44 networking/libiproute/lib.a(utils.o)
                0x00028adc                get_u32
 .text.get_unsigned
                0x00028b20       0x44 networking/libiproute/lib.a(utils.o)
                0x00028b20                get_unsigned
 .text.duparg   0x00028b64       0x1c networking/libiproute/lib.a(utils.o)
                0x00028b64                duparg
 .text.duparg2  0x00028b80       0x1c networking/libiproute/lib.a(utils.o)
                0x00028b80                duparg2
 .text.inet_addr_match
                0x00028b9c       0x8c networking/libiproute/lib.a(utils.o)
                0x00028b9c                inet_addr_match
 .text.rt_addr_n2a
                0x00028c28       0x20 networking/libiproute/lib.a(utils.o)
                0x00028c28                rt_addr_n2a
 .text.select_lease_time
                0x00028c48       0xc0 networking/udhcp/lib.a(dhcpd.o)
 .text.init_packet
                0x00028d08      0x118 networking/udhcp/lib.a(dhcpd.o)
 .text.add_server_options
                0x00028e20       0xec networking/udhcp/lib.a(dhcpd.o)
 .text.send_packet
                0x00028f0c      0x198 networking/udhcp/lib.a(dhcpd.o)
 .text.send_offer
                0x000290a4      0x1e0 networking/udhcp/lib.a(dhcpd.o)
 .text.send_ACK
                0x00029284       0xb8 networking/udhcp/lib.a(dhcpd.o)
 .text.send_NAK
                0x0002933c       0x4c networking/udhcp/lib.a(dhcpd.o)
 .text.send_inform
                0x00029388       0x34 networking/udhcp/lib.a(dhcpd.o)
 .text.udhcpd_main
                0x000293bc      0x8c4 networking/udhcp/lib.a(dhcpd.o)
                0x000293bc                udhcpd_main
 .text.get_dhcp_packet_type
                0x00029c80       0x30 networking/udhcp/lib.a(dhcprelay.o)
 .text.sendto_ip4
                0x00029cb0       0x4c networking/udhcp/lib.a(dhcprelay.o)
 .text.dhcprelay_main
                0x00029cfc      0x504 networking/udhcp/lib.a(dhcprelay.o)
                0x00029cfc                dhcprelay_main
 .text.dumpleases_main
                0x0002a200      0x268 networking/udhcp/lib.a(dumpleases.o)
                0x0002a200                dumpleases_main
 .text.read_staticlease
                0x0002a468       0x8c networking/udhcp/lib.a(files.o)
 .text.read_u32
                0x0002a4f4       0x34 networking/udhcp/lib.a(files.o)
 .text.read_str
                0x0002a528       0x28 networking/udhcp/lib.a(files.o)
 .text.read_config
                0x0002a550      0x188 networking/udhcp/lib.a(files.o)
                0x0002a550                read_config
 .text.write_leases
                0x0002a6d8      0x214 networking/udhcp/lib.a(files.o)
                0x0002a6d8                write_leases
 .text.read_leases
                0x0002a8ec      0x194 networking/udhcp/lib.a(files.o)
                0x0002a8ec                read_leases
 .text.add_lease
                0x0002aa80      0x208 networking/udhcp/lib.a(leases.o)
                0x0002aa80                add_lease
 .text.nobody_responds_to_arp
                0x0002ac88       0xc8 networking/udhcp/lib.a(leases.o)
 .text.is_expired_lease
                0x0002ad50       0x38 networking/udhcp/lib.a(leases.o)
                0x0002ad50                is_expired_lease
 .text.find_lease_by_mac
                0x0002ad88       0x7c networking/udhcp/lib.a(leases.o)
                0x0002ad88                find_lease_by_mac
 .text.find_lease_by_nip
                0x0002ae04       0x80 networking/udhcp/lib.a(leases.o)
                0x0002ae04                find_lease_by_nip
 .text.find_free_or_expired_nip
                0x0002ae84      0x228 networking/udhcp/lib.a(leases.o)
                0x0002ae84                find_free_or_expired_nip
 .text.udhcp_init_header
                0x0002b0ac       0x88 networking/udhcp/lib.a(packet.o)
                0x0002b0ac                udhcp_init_header
 .text.udhcp_dump_packet
                0x0002b134       0xf8 networking/udhcp/lib.a(packet.o)
                0x0002b134                udhcp_dump_packet
 .text.udhcp_recv_kernel_packet
                0x0002b22c       0xc8 networking/udhcp/lib.a(packet.o)
                0x0002b22c                udhcp_recv_kernel_packet
 .text.udhcp_send_raw_packet
                0x0002b2f4      0x224 networking/udhcp/lib.a(packet.o)
                0x0002b2f4                udhcp_send_raw_packet
 .text.udhcp_send_kernel_packet
                0x0002b518      0x148 networking/udhcp/lib.a(packet.o)
                0x0002b518                udhcp_send_kernel_packet
 .text.signal_handler
                0x0002b660       0x38 networking/udhcp/lib.a(signalpipe.o)
 .text.udhcp_sp_setup
                0x0002b698       0x40 networking/udhcp/lib.a(signalpipe.o)
                0x0002b698                udhcp_sp_setup
 .text.udhcp_sp_fd_set
                0x0002b6d8       0xa0 networking/udhcp/lib.a(signalpipe.o)
                0x0002b6d8                udhcp_sp_fd_set
 .text.udhcp_sp_read
                0x0002b778       0x64 networking/udhcp/lib.a(signalpipe.o)
                0x0002b778                udhcp_sp_read
 .text.udhcp_read_interface
                0x0002b7dc      0x1a4 networking/udhcp/lib.a(socket.o)
                0x0002b7dc                udhcp_read_interface
 .text.udhcp_listen_socket
                0x0002b980       0xc4 networking/udhcp/lib.a(socket.o)
                0x0002b980                udhcp_listen_socket
 .text.add_static_lease
                0x0002ba44       0x4c networking/udhcp/lib.a(static_leases.o)
                0x0002ba44                add_static_lease
 .text.get_static_nip_by_mac
                0x0002ba90       0x44 networking/udhcp/lib.a(static_leases.o)
                0x0002ba90                get_static_nip_by_mac
 .text.is_nip_reserved
                0x0002bad4       0x28 networking/udhcp/lib.a(static_leases.o)
                0x0002bad4                is_nip_reserved
 .text.log_static_leases
                0x0002bafc       0x68 networking/udhcp/lib.a(static_leases.o)
                0x0002bafc                log_static_leases
 .text.arpping  0x0002bb64      0x230 networking/udhcp/lib.a(arpping.o)
                0x0002bb64                arpping
 .text.log_option
                0x0002bd94       0x5c networking/udhcp/lib.a(common.o)
 .text.allocate_tempopt_if_needed.isra.0
                0x0002bdf0       0x70 networking/udhcp/lib.a(common.o)
 .text.udhcp_option_idx
                0x0002be60       0x6c networking/udhcp/lib.a(common.o)
                0x0002be60                udhcp_option_idx
 .text.udhcp_get_option
                0x0002becc      0x108 networking/udhcp/lib.a(common.o)
                0x0002becc                udhcp_get_option
 .text.udhcp_end_option
                0x0002bfd4       0x34 networking/udhcp/lib.a(common.o)
                0x0002bfd4                udhcp_end_option
 .text.udhcp_add_binary_option
                0x0002c008       0x78 networking/udhcp/lib.a(common.o)
                0x0002c008                udhcp_add_binary_option
 .text.udhcp_add_simple_option
                0x0002c080       0x7c networking/udhcp/lib.a(common.o)
                0x0002c080                udhcp_add_simple_option
 .text.udhcp_find_option
                0x0002c0fc       0x28 networking/udhcp/lib.a(common.o)
                0x0002c0fc                udhcp_find_option
 .text.attach_option
                0x0002c124      0x1ec networking/udhcp/lib.a(common.o)
 .text.udhcp_str2nip
                0x0002c310       0x48 networking/udhcp/lib.a(common.o)
                0x0002c310                udhcp_str2nip
 .text.udhcp_str2optset
                0x0002c358      0x2d4 networking/udhcp/lib.a(common.o)
                0x0002c358                udhcp_str2optset
 .text.dname_enc
                0x0002c62c      0x234 networking/udhcp/lib.a(domain_codec.o)
                0x0002c62c                dname_enc
 .text.scale    0x0002c860       0x3c procps/lib.a(free.o)
 .text.free_main
                0x0002c89c      0x1bc procps/lib.a(free.o)
                0x0002c89c                free_main
 .text.search_dev_inode
                0x0002ca58       0x9c procps/lib.a(fuser.o)
 .text.add_inode
                0x0002caf4       0x88 procps/lib.a(fuser.o)
 .text.scan_proc_net_or_maps
                0x0002cb7c      0x1bc procps/lib.a(fuser.o)
 .text.scan_recursive
                0x0002cd38      0x2a4 procps/lib.a(fuser.o)
 .text.fuser_main
                0x0002cfdc      0x1f0 procps/lib.a(fuser.o)
                0x0002cfdc                fuser_main
 .text.percent_value
                0x0002d1cc       0x8c procps/lib.a(iostat.o)
 .text.get_localtime
                0x0002d258       0x20 procps/lib.a(iostat.o)
 .text.iostat_main
                0x0002d278      0x9b4 procps/lib.a(iostat.o)
                0x0002d278                iostat_main
 .text.kill_main
                0x0002dc2c      0x45c procps/lib.a(kill.o)
                0x0002dc2c                kill_main
 .text.lsof_main
                0x0002e088       0xd0 procps/lib.a(lsof.o)
                0x0002e088                lsof_main
 .text.act      0x0002e158       0x60 procps/lib.a(pgrep.o)
 .text.pgrep_main
                0x0002e1b8      0x2d8 procps/lib.a(pgrep.o)
                0x0002e1b8                pgrep_main
 .text.pidof_main
                0x0002e490      0x128 procps/lib.a(pidof.o)
                0x0002e490                pidof_main
 .text.ps_main  0x0002e5b8      0x32c procps/lib.a(ps.o)
                0x0002e5b8                ps_main
 .text.find_proc
                0x0002e8e4       0x34 procps/lib.a(pstree.o)
 .text.new_proc
                0x0002e918       0x4c procps/lib.a(pstree.o)
 .text.add_proc
                0x0002e964       0xdc procps/lib.a(pstree.o)
 .text.tree_equal
                0x0002ea40       0x8c procps/lib.a(pstree.o)
 .text.out_char
                0x0002eacc       0x2c procps/lib.a(pstree.o)
 .text.out_string
                0x0002eaf8       0x20 procps/lib.a(pstree.o)
 .text.out_newline
                0x0002eb18       0x24 procps/lib.a(pstree.o)
 .text.dump_tree
                0x0002eb3c      0x2f8 procps/lib.a(pstree.o)
 .text.dump_by_user
                0x0002ee34       0x88 procps/lib.a(pstree.o)
 .text.pstree_main
                0x0002eebc      0x180 procps/lib.a(pstree.o)
                0x0002eebc                pstree_main
 .text.renice_main
                0x0002f03c      0x198 procps/lib.a(renice.o)
                0x0002f03c                renice_main
 .text.sysctl_dots_to_slashes
                0x0002f1d4       0x84 procps/lib.a(sysctl.o)
 .text.sysctl_act_recursive
                0x0002f258      0x2d4 procps/lib.a(sysctl.o)
 .text.sysctl_main
                0x0002f52c      0x10c procps/lib.a(sysctl.o)
                0x0002f52c                sysctl_main
 .text.isdigit_str9
                0x0002f638       0x34 shell/lib.a(ash.o)
 .text.var_end  0x0002f66c       0x28 shell/lib.a(ash.o)
 .text.stunalloc
                0x0002f694       0x28 shell/lib.a(ash.o)
 .text.setstackmark
                0x0002f6bc       0x34 shell/lib.a(ash.o)
 .text.prefix   0x0002f6f0       0x28 shell/lib.a(ash.o)
 .text.is_number
                0x0002f718       0x2c shell/lib.a(ash.o)
 .text.varcmp   0x0002f744       0x40 shell/lib.a(ash.o)
 .text.hashvar  0x0002f784       0x48 shell/lib.a(ash.o)
 .text.vpcmp    0x0002f7cc        0xc shell/lib.a(ash.o)
 .text.findvar  0x0002f7d8       0x3c shell/lib.a(ash.o)
 .text.lookupvar
                0x0002f814       0x5c shell/lib.a(ash.o)
 .text.bltinlookup
                0x0002f870       0x54 shell/lib.a(ash.o)
 .text.set_curjob
                0x0002f8c4       0x70 shell/lib.a(ash.o)
 .text.jobno    0x0002f934       0x28 shell/lib.a(ash.o)
 .text.getstatus
                0x0002f95c       0xa0 shell/lib.a(ash.o)
 .text.need_to_remember
                0x0002f9fc       0x40 shell/lib.a(ash.o)
 .text.is_hidden_fd
                0x0002fa3c       0x7c shell/lib.a(ash.o)
 .text.esclen   0x0002fab8       0x2c shell/lib.a(ash.o)
 .text.falsecmd
                0x0002fae4        0x8 shell/lib.a(ash.o)
 .text.truecmd  0x0002faec        0x8 shell/lib.a(ash.o)
 .text.bltincmd
                0x0002faf4       0x10 shell/lib.a(ash.o)
 .text.pungetc  0x0002fb04       0x28 shell/lib.a(ash.o)
 .text.raise_exception
                0x0002fb2c       0x2c shell/lib.a(ash.o)
 .text.calcsize
                0x0002fb58      0x12c shell/lib.a(ash.o)
 .text.sizenodelist
                0x0002fc84       0x38 shell/lib.a(ash.o)
 .text.SIT      0x0002fcbc       0x9c shell/lib.a(ash.o)
 .text.pushfile
                0x0002fd58       0x2c shell/lib.a(ash.o)
 .text.goodname
                0x0002fd84       0x18 shell/lib.a(ash.o)
 .text.isassignment
                0x0002fd9c       0x30 shell/lib.a(ash.o)
 .text.freealias
                0x0002fdcc       0x44 shell/lib.a(ash.o)
 .text.freefunc
                0x0002fe10       0x20 shell/lib.a(ash.o)
 .text.freeparam
                0x0002fe30       0x38 shell/lib.a(ash.o)
 .text.setparam
                0x0002fe68       0x88 shell/lib.a(ash.o)
 .text.scanright
                0x0002fef0       0xa0 shell/lib.a(ash.o)
 .text.scanleft
                0x0002ff90       0x78 shell/lib.a(ash.o)
 .text.__lookupalias
                0x00030008       0x70 shell/lib.a(ash.o)
 .text.lookupalias
                0x00030078       0x2c shell/lib.a(ash.o)
 .text.msort    0x000300a4       0xbc shell/lib.a(ash.o)
 .text.pstrcmp  0x00030160        0xc shell/lib.a(ash.o)
 .text.ignoresig
                0x0003016c       0x3c shell/lib.a(ash.o)
 .text.setsignal
                0x000301a8      0x190 shell/lib.a(ash.o)
 .text.nodeckstrdup
                0x00030338       0x3c shell/lib.a(ash.o)
 .text.copynode
                0x00030374      0x15c shell/lib.a(ash.o)
 .text.copynodelist
                0x000304d0       0x50 shell/lib.a(ash.o)
 .text.cmdlookup
                0x00030520       0xd0 shell/lib.a(ash.o)
 .text.errmsg   0x000305f0       0x18 shell/lib.a(ash.o)
 .text.tokname  0x00030608       0x3c shell/lib.a(ash.o)
 .text.findkwd  0x00030644       0x28 shell/lib.a(ash.o)
 .text.find_builtin
                0x0003066c       0x28 shell/lib.a(ash.o)
 .text.ulimitcmd
                0x00030694        0x8 shell/lib.a(ash.o)
 .text.printfcmd
                0x0003069c        0x4 shell/lib.a(ash.o)
 .text.tryexec  0x000306a0       0xb0 shell/lib.a(ash.o)
 .text.echocmd  0x00030750        0x4 shell/lib.a(ash.o)
 .text.testcmd  0x00030754        0x4 shell/lib.a(ash.o)
 .text.raise_interrupt
                0x00030758       0x74 shell/lib.a(ash.o)
 .text.int_on   0x000307cc       0x34 shell/lib.a(ash.o)
 .text.recordregion
                0x00030800       0x6c shell/lib.a(ash.o)
 .text.fmtstr   0x0003086c       0x4c shell/lib.a(ash.o)
 .text.sprint_status
                0x000308b8       0xd0 shell/lib.a(ash.o)
 .text.removerecordregions
                0x00030988      0x114 shell/lib.a(ash.o)
 .text.freejob  0x00030a9c       0x80 shell/lib.a(ash.o)
 .text.makejob  0x00030b1c      0x1b4 shell/lib.a(ash.o)
 .text.unalias  0x00030cd0       0x50 shell/lib.a(ash.o)
 .text.popstring
                0x00030d20       0xd0 shell/lib.a(ash.o)
 .text.popfile  0x00030df0       0x6c shell/lib.a(ash.o)
 .text.popallfiles
                0x00030e5c       0x2c shell/lib.a(ash.o)
 .text.outstr   0x00030e88       0x28 shell/lib.a(ash.o)
 .text.out1str  0x00030eb0       0x10 shell/lib.a(ash.o)
 .text.flush_stdout_stderr
                0x00030ec0       0x28 shell/lib.a(ash.o)
 .text.out2str  0x00030ee8       0x1c shell/lib.a(ash.o)
 .text.stoppedjobs
                0x00030f04       0x64 shell/lib.a(ash.o)
 .text.pgetc    0x00030f68      0x280 shell/lib.a(ash.o)
 .text.pgetc_without_PEOA
                0x000311e8       0x1c shell/lib.a(ash.o)
 .text.dowait   0x00031204      0x1a4 shell/lib.a(ash.o)
 .text.blocking_wait_with_raise_on_sig
                0x000313a8       0x38 shell/lib.a(ash.o)
 .text.popstackmark
                0x000313e0       0x80 shell/lib.a(ash.o)
 .text.setinputstring
                0x00031460       0x58 shell/lib.a(ash.o)
 .text.pushstring
                0x000314b8       0x9c shell/lib.a(ash.o)
 .text.delete_cmd_entry
                0x00031554       0x58 shell/lib.a(ash.o)
 .text.out1fmt  0x000315ac       0x48 shell/lib.a(ash.o)
 .text.timescmd
                0x000315f4       0xac shell/lib.a(ash.o)
 .text.clearcmdentry
                0x000316a0       0x98 shell/lib.a(ash.o)
 .text.changepath
                0x00031738      0x11c shell/lib.a(ash.o)
 .text.signal_handler
                0x00031854       0x50 shell/lib.a(ash.o)
 .text.force_int_on
                0x000318a4       0x28 shell/lib.a(ash.o)
 .text.evalbltin
                0x000318cc       0xec shell/lib.a(ash.o)
 .text.outcslow.constprop.1
                0x000319b8       0x3c shell/lib.a(ash.o)
 .text.showjob  0x000319f4      0x1f0 shell/lib.a(ash.o)
 .text.showjobs
                0x00031be4       0x68 shell/lib.a(ash.o)
 .text.ash_vmsg
                0x00031c4c       0xd0 shell/lib.a(ash.o)
 .text.ash_vmsg_and_raise
                0x00031d1c       0x20 shell/lib.a(ash.o)
 .text.ash_msg_and_raise_error
                0x00031d3c       0x1c shell/lib.a(ash.o)
 .text.varunset
                0x00031d58       0x68 shell/lib.a(ash.o)
 .text.setvareq
                0x00031dc0      0x114 shell/lib.a(ash.o)
 .text.listsetvar
                0x00031ed4       0x48 shell/lib.a(ash.o)
 .text.setvar   0x00031f1c       0xe8 shell/lib.a(ash.o)
 .text.setvar2  0x00032004        0x8 shell/lib.a(ash.o)
 .text.unsetvar
                0x0003200c       0xbc shell/lib.a(ash.o)
 .text.setpwd   0x000320c8       0xf4 shell/lib.a(ash.o)
 .text.localcmd
                0x000321bc      0x128 shell/lib.a(ash.o)
 .text.setvarsafe
                0x000322e4       0x9c shell/lib.a(ash.o)
 .text.change_random
                0x00032380       0x7c shell/lib.a(ash.o)
 .text.number   0x000323fc       0x30 shell/lib.a(ash.o)
 .text.returncmd
                0x0003242c       0x44 shell/lib.a(ash.o)
 .text.exitcmd  0x00032470       0x40 shell/lib.a(ash.o)
 .text.getoptsreset
                0x000324b0       0x24 shell/lib.a(ash.o)
 .text.shiftcmd
                0x000324d4       0xbc shell/lib.a(ash.o)
 .text.xtcsetpgrp
                0x00032590       0x1c shell/lib.a(ash.o)
 .text.waitforjob
                0x000325ac       0xa0 shell/lib.a(ash.o)
 .text.forkchild
                0x0003264c      0x300 shell/lib.a(ash.o)
 .text.copyfd   0x0003294c       0x5c shell/lib.a(ash.o)
 .text.popredir
                0x000329a8       0xe8 shell/lib.a(ash.o)
 .text.clearredir
                0x00032a90       0x38 shell/lib.a(ash.o)
 .text.ash_arith
                0x00032ac8       0x70 shell/lib.a(ash.o)
 .text.stalloc  0x00032b38       0xac shell/lib.a(ash.o)
 .text.ststrdup
                0x00032be4       0x28 shell/lib.a(ash.o)
 .text.stzalloc
                0x00032c0c       0x1c shell/lib.a(ash.o)
 .text.addfname
                0x00032c28       0x38 shell/lib.a(ash.o)
 .text.expmeta  0x00032c60      0x27c shell/lib.a(ash.o)
 .text.makename
                0x00032edc       0x38 shell/lib.a(ash.o)
 .text.growstackblock
                0x00032f14       0xfc shell/lib.a(ash.o)
 .text.makestrspace
                0x00033010       0x40 shell/lib.a(ash.o)
 .text.memtodest
                0x00033050       0x80 shell/lib.a(ash.o)
 .text.stack_nputstr
                0x000330d0       0x2c shell/lib.a(ash.o)
 .text.stack_putstr
                0x000330fc       0x24 shell/lib.a(ash.o)
 .text.cvtnum   0x00033120       0x48 shell/lib.a(ash.o)
 .text.cmdputs  0x00033168      0x1f4 shell/lib.a(ash.o)
 .text.cmdtxt   0x0003335c      0x320 shell/lib.a(ash.o)
 .text.cmdlist  0x0003367c       0x58 shell/lib.a(ash.o)
 .text.single_quote
                0x000336d4       0xd4 shell/lib.a(ash.o)
 .text.printalias
                0x000337a8       0x28 shell/lib.a(ash.o)
 .text.aliascmd
                0x000337d0      0x168 shell/lib.a(ash.o)
 .text.rmescapes
                0x00033938      0x15c shell/lib.a(ash.o)
 .text.preglob  0x00033a94       0x14 shell/lib.a(ash.o)
 .text.growstackstr
                0x00033aa8       0x58 shell/lib.a(ash.o)
 .text._STPUTC  0x00033b00       0x30 shell/lib.a(ash.o)
 .text.varvalue
                0x00033b30      0x350 shell/lib.a(ash.o)
 .text.listvars
                0x00033e80       0xa8 shell/lib.a(ash.o)
 .text.showvars
                0x00033f28       0xd0 shell/lib.a(ash.o)
 .text.path_advance
                0x00033ff8      0x118 shell/lib.a(ash.o)
 .text.forkshell
                0x00034110      0x17c shell/lib.a(ash.o)
 .text.raise_error_syntax
                0x0003428c       0x14 shell/lib.a(ash.o)
 .text.fixredir
                0x000342a0       0x84 shell/lib.a(ash.o)
 .text.raise_error_unexpected_syntax
                0x00034324       0x6c shell/lib.a(ash.o)
 .text.nextopt  0x00034390      0x118 shell/lib.a(ash.o)
 .text.cdopt    0x000344a8       0x38 shell/lib.a(ash.o)
 .text.pwdcmd   0x000344e0       0x58 shell/lib.a(ash.o)
 .text.unsetcmd
                0x00034538       0x8c shell/lib.a(ash.o)
 .text.unaliascmd
                0x000345c4       0xf8 shell/lib.a(ash.o)
 .text.exportcmd
                0x000346bc       0xc0 shell/lib.a(ash.o)
 .text.getjob   0x0003477c      0x184 shell/lib.a(ash.o)
 .text.waitcmd  0x00034900      0x120 shell/lib.a(ash.o)
 .text.killcmd  0x00034a20      0x110 shell/lib.a(ash.o)
 .text.jobscmd  0x00034b30       0x94 shell/lib.a(ash.o)
 .text.fg_bgcmd
                0x00034bc4      0x17c shell/lib.a(ash.o)
 .text.readcmd  0x00034d40       0xec shell/lib.a(ash.o)
 .text.letcmd   0x00034e2c       0x44 shell/lib.a(ash.o)
 .text.breakcmd
                0x00034e70       0x90 shell/lib.a(ash.o)
 .text.umaskcmd
                0x00034f00      0x1b4 shell/lib.a(ash.o)
 .text.setinputfile
                0x000350b4       0xf0 shell/lib.a(ash.o)
 .text.cdcmd    0x000351a4      0x3cc shell/lib.a(ash.o)
 .text.getoptscmd
                0x00035570      0x31c shell/lib.a(ash.o)
 .text.ash_msg_and_raise
                0x0003588c       0x18 shell/lib.a(ash.o)
 .text.shellexec